Component: ARM Compiler 5.06 update 7 (build 960) Tool: armlink [4d3601]

==============================================================================

Section Cross References

    startup_stm32f303xe.o(STACK) refers (Special) to heapauxi.o(.text) for __use_two_region_memory
    startup_stm32f303xe.o(HEAP) refers (Special) to heapauxi.o(.text) for __use_two_region_memory
    startup_stm32f303xe.o(RESET) refers (Special) to heapauxi.o(.text) for __use_two_region_memory
    startup_stm32f303xe.o(RESET) refers to startup_stm32f303xe.o(STACK) for __initial_sp
    startup_stm32f303xe.o(RESET) refers to startup_stm32f303xe.o(.text) for Reset_Handler
    startup_stm32f303xe.o(RESET) refers to stm32f3xx_it.o(i.NMI_Handler) for NMI_Handler
    startup_stm32f303xe.o(RESET) refers to stm32f3xx_it.o(i.HardFault_Handler) for HardFault_Handler
    startup_stm32f303xe.o(RESET) refers to stm32f3xx_it.o(i.MemManage_Handler) for MemManage_Handler
    startup_stm32f303xe.o(RESET) refers to stm32f3xx_it.o(i.BusFault_Handler) for BusFault_Handler
    startup_stm32f303xe.o(RESET) refers to stm32f3xx_it.o(i.UsageFault_Handler) for UsageFault_Handler
    startup_stm32f303xe.o(RESET) refers to stm32f3xx_it.o(i.SVC_Handler) for SVC_Handler
    startup_stm32f303xe.o(RESET) refers to stm32f3xx_it.o(i.DebugMon_Handler) for DebugMon_Handler
    startup_stm32f303xe.o(RESET) refers to stm32f3xx_it.o(i.PendSV_Handler) for PendSV_Handler
    startup_stm32f303xe.o(RESET) refers to stm32f3xx_it.o(i.SysTick_Handler) for SysTick_Handler
    startup_stm32f303xe.o(RESET) refers to stm32f3xx_it.o(i.USB_LP_CAN_RX0_IRQHandler) for USB_LP_CAN_RX0_IRQHandler
    startup_stm32f303xe.o(RESET) refers to stm32f3xx_it.o(i.I2C1_EV_IRQHandler) for I2C1_EV_IRQHandler
    startup_stm32f303xe.o(RESET) refers to stm32f3xx_it.o(i.I2C1_ER_IRQHandler) for I2C1_ER_IRQHandler
    startup_stm32f303xe.o(RESET) refers to stm32f3xx_it.o(i.TIM6_DAC_IRQHandler) for TIM6_DAC_IRQHandler
    startup_stm32f303xe.o(.text) refers (Special) to heapauxi.o(.text) for __use_two_region_memory
    startup_stm32f303xe.o(.text) refers to system_stm32f3xx.o(i.SystemInit) for SystemInit
    startup_stm32f303xe.o(.text) refers to __main.o(!!!main) for __main
    startup_stm32f303xe.o(.text) refers to startup_stm32f303xe.o(HEAP) for Heap_Mem
    startup_stm32f303xe.o(.text) refers to startup_stm32f303xe.o(STACK) for Stack_Mem
    pulsegen.o(i.tim1InitCmnParameters) refers to pulsegen.o(.bss) for .bss
    pulsegen.o(i.tim1SetCmnParameters) refers to pulsegen.o(.bss) for .bss
    tmp1075.o(i.HAL_I2C_MasterTxCpltCallback) refers to stm32f3xx_hal_i2c.o(i.HAL_I2C_Master_Receive_IT) for HAL_I2C_Master_Receive_IT
    tmp1075.o(i.HAL_I2C_MasterTxCpltCallback) refers to tmp1075.o(.data) for .data
    tmp1075.o(i.aReceiveI2C) refers to _printf_percent.o(.ARM.Collect$$_printf_percent$$00000000) for _printf_percent
    tmp1075.o(i.aReceiveI2C) refers to _printf_s.o(.ARM.Collect$$_printf_percent$$00000014) for _printf_s
    tmp1075.o(i.aReceiveI2C) refers to _printf_str.o(.text) for _printf_str
    tmp1075.o(i.aReceiveI2C) refers to stm32f3xx_hal_i2c.o(i.HAL_I2C_Master_Receive) for HAL_I2C_Master_Receive
    tmp1075.o(i.aReceiveI2C) refers to stm32f3xx_hal_i2c.o(i.HAL_I2C_GetError) for HAL_I2C_GetError
    tmp1075.o(i.aReceiveI2C) refers to noretval__2sprintf.o(.text) for __2sprintf
    tmp1075.o(i.aReceiveI2C) refers to uart_io.o(i.usartTx) for usartTx
    tmp1075.o(i.aReceiveI2C) refers to tmp1075.o(.data) for .data
    tmp1075.o(i.aReceiveI2C) refers to tmp1075.o(.bss) for .bss
    tmp1075.o(i.aTransmitI2C) refers to _printf_percent.o(.ARM.Collect$$_printf_percent$$00000000) for _printf_percent
    tmp1075.o(i.aTransmitI2C) refers to _printf_s.o(.ARM.Collect$$_printf_percent$$00000014) for _printf_s
    tmp1075.o(i.aTransmitI2C) refers to _printf_str.o(.text) for _printf_str
    tmp1075.o(i.aTransmitI2C) refers to stm32f3xx_hal_i2c.o(i.HAL_I2C_Master_Transmit) for HAL_I2C_Master_Transmit
    tmp1075.o(i.aTransmitI2C) refers to stm32f3xx_hal_i2c.o(i.HAL_I2C_GetError) for HAL_I2C_GetError
    tmp1075.o(i.aTransmitI2C) refers to noretval__2sprintf.o(.text) for __2sprintf
    tmp1075.o(i.aTransmitI2C) refers to uart_io.o(i.usartTx) for usartTx
    tmp1075.o(i.aTransmitI2C) refers to tmp1075.o(.data) for .data
    tmp1075.o(i.aTransmitI2C) refers to tmp1075.o(.bss) for .bss
    tmp1075.o(i.alertTmpInitIT) refers to rt_memcpy_w.o(.text) for __aeabi_memcpy4
    tmp1075.o(i.alertTmpInitIT) refers to tmp1075.o(i.aTransmitI2C) for aTransmitI2C
    tmp1075.o(i.alertTmpInitIT) refers to main.o(.bss) for hi2c1
    tmp1075.o(i.getTemperature) refers to _printf_percent.o(.ARM.Collect$$_printf_percent$$00000000) for _printf_percent
    tmp1075.o(i.getTemperature) refers to _printf_f.o(.ARM.Collect$$_printf_percent$$00000003) for _printf_f
    tmp1075.o(i.getTemperature) refers to printf1.o(x$fpl$printf1) for _printf_fp_dec
    tmp1075.o(i.getTemperature) refers to rt_memclr_w.o(.text) for __aeabi_memclr4
[...]
    i.LL_RCC_HSI_IsReady                     0x08003f14   Section        0  stm32f3xx_ll_rcc.o(i.LL_RCC_HSI_IsReady)
    LL_RCC_HSI_IsReady                       0x08003f15   Thumb Code    10  stm32f3xx_ll_rcc.o(i.LL_RCC_HSI_IsReady)
    i.LL_RCC_LSE_IsReady                     0x08003f24   Section        0  stm32f3xx_ll_rcc.o(i.LL_RCC_LSE_IsReady)
    LL_RCC_LSE_IsReady                       0x08003f25   Thumb Code    10  stm32f3xx_ll_rcc.o(i.LL_RCC_LSE_IsReady)
    i.LL_RTC_EnterInitMode                   0x08003f34   Section        0  stm32f3xx_ll_rtc.o(i.LL_RTC_EnterInitMode)
    i.LL_RTC_Init                            0x08003f7a   Section        0  stm32f3xx_ll_rtc.o(i.LL_RTC_Init)
    i.LL_SetSystemCoreClock                  0x08003fcc   Section        0  stm32f3xx_ll_utils.o(i.LL_SetSystemCoreClock)
    i.LL_USART_Init                          0x08003fd8   Section        0  stm32f3xx_ll_usart.o(i.LL_USART_Init)
    i.MX_GPIO_Init                           0x080040a8   Section        0  main.o(i.MX_GPIO_Init)
    MX_GPIO_Init                             0x080040a9   Thumb Code   300  main.o(i.MX_GPIO_Init)
    i.MX_I2C1_Init                           0x080041e8   Section        0  main.o(i.MX_I2C1_Init)
    MX_I2C1_Init                             0x080041e9   Thumb Code    72  main.o(i.MX_I2C1_Init)
    i.MX_TIM1_Init                           0x0800423c   Section        0  main.o(i.MX_TIM1_Init)
    MX_TIM1_Init                             0x0800423d   Thumb Code   202  main.o(i.MX_TIM1_Init)
    i.MX_USART3_UART_Init                    0x08004310   Section        0  main.o(i.MX_USART3_UART_Init)
    MX_USART3_UART_Init                      0x08004311   Thumb Code   156  main.o(i.MX_USART3_UART_Init)
    i.MemManage_Handler                      0x080043b8   Section        0  stm32f3xx_it.o(i.MemManage_Handler)
    i.NMI_Handler                            0x080043ba   Section        0  stm32f3xx_it.o(i.NMI_Handler)
    i.PCD_EP_ISR_Handler                     0x080043bc   Section        0  stm32f3xx_hal_pcd.o(i.PCD_EP_ISR_Handler)
    PCD_EP_ISR_Handler                       0x080043bd   Thumb Code   884  stm32f3xx_hal_pcd.o(i.PCD_EP_ISR_Handler)
    i.PendSV_Handler                         0x08004730   Section        0  stm32f3xx_it.o(i.PendSV_Handler)
    i.RCC_GetHCLKClockFreq                   0x08004734   Section        0  stm32f3xx_ll_rcc.o(i.RCC_GetHCLKClockFreq)
    i.RCC_GetPCLK1ClockFreq                  0x08004750   Section        0  stm32f3xx_ll_rcc.o(i.RCC_GetPCLK1ClockFreq)
    i.RCC_GetPCLK2ClockFreq                  0x0800476c   Section        0  stm32f3xx_ll_rcc.o(i.RCC_GetPCLK2ClockFreq)
    i.RCC_GetSystemClockFreq                 0x08004788   Section        0  stm32f3xx_ll_rcc.o(i.RCC_GetSystemClockFreq)
    i.RCC_PLL_GetFreqDomain_SYS              0x080047ac   Section        0  stm32f3xx_ll_rcc.o(i.RCC_PLL_GetFreqDomain_SYS)
    i.SVC_Handler                            0x080047e0   Section        0  stm32f3xx_it.o(i.SVC_Handler)
    i.SysTick_Handler                        0x080047e2   Section        0  stm32f3xx_it.o(i.SysTick_Handler)
    i.SystemClock_Config                     0x080047e8   Section        0  main.o(i.SystemClock_Config)
    i.SystemInit                             0x08004924   Section        0  system_stm32f3xx.o(i.SystemInit)
    i.TIM6_DAC_IRQHandler                    0x08004934   Section        0  stm32f3xx_it.o(i.TIM6_DAC_IRQHandler)
    i.TIM_Base_SetConfig                     0x08004958   Section        0  stm32f3xx_hal_tim.o(i.TIM_Base_SetConfig)
    i.TIM_CCxChannelCmd                      0x08004a1c   Section        0  stm32f3xx_hal_tim.o(i.TIM_CCxChannelCmd)
    i.TIM_CCxNChannelCmd                     0x08004a36   Section        0  stm32f3xx_hal_tim_ex.o(i.TIM_CCxNChannelCmd)
    TIM_CCxNChannelCmd                       0x08004a37   Thumb Code    26  stm32f3xx_hal_tim_ex.o(i.TIM_CCxNChannelCmd)
    i.TIM_ETR_SetConfig                      0x08004a50   Section        0  stm32f3xx_hal_tim.o(i.TIM_ETR_SetConfig)
    i.TIM_ITRx_SetConfig                     0x08004a64   Section        0  stm32f3xx_hal_tim.o(i.TIM_ITRx_SetConfig)
    TIM_ITRx_SetConfig                       0x08004a65   Thumb Code    16  stm32f3xx_hal_tim.o(i.TIM_ITRx_SetConfig)
    i.TIM_OC1_SetConfig                      0x08004a74   Section        0  stm32f3xx_hal_tim.o(i.TIM_OC1_SetConfig)
    TIM_OC1_SetConfig                        0x08004a75   Thumb Code   144  stm32f3xx_hal_tim.o(i.TIM_OC1_SetConfig)
    i.TIM_OC2_SetConfig                      0x08004b20   Section        0  stm32f3xx_hal_tim.o(i.TIM_OC2_SetConfig)
    i.TIM_OC3_SetConfig                      0x08004bc0   Section        0  stm32f3xx_hal_tim.o(i.TIM_OC3_SetConfig)
    TIM_OC3_SetConfig                        0x08004bc1   Thumb Code   130  stm32f3xx_hal_tim.o(i.TIM_OC3_SetConfig)
    i.TIM_OC4_SetConfig                      0x08004c60   Section        0  stm32f3xx_hal_tim.o(i.TIM_OC4_SetConfig)
    TIM_OC4_SetConfig                        0x08004c61   Thumb Code    98  stm32f3xx_hal_tim.o(i.TIM_OC4_SetConfig)
    i.TIM_OC5_SetConfig                      0x08004ce0   Section        0  stm32f3xx_hal_tim.o(i.TIM_OC5_SetConfig)
    TIM_OC5_SetConfig                        0x08004ce1   Thumb Code    92  stm32f3xx_hal_tim.o(i.TIM_OC5_SetConfig)
    i.TIM_OC6_SetConfig                      0x08004d58   Section        0  stm32f3xx_hal_tim.o(i.TIM_OC6_SetConfig)
    TIM_OC6_SetConfig                        0x08004d59   Thumb Code    94  stm32f3xx_hal_tim.o(i.TIM_OC6_SetConfig)
    i.TIM_TI1_ConfigInputStage               0x08004dd4   Section        0  stm32f3xx_hal_tim.o(i.TIM_TI1_ConfigInputStage)
    TIM_TI1_ConfigInputStage                 0x08004dd5   Thumb Code    34  stm32f3xx_hal_tim.o(i.TIM_TI1_ConfigInputStage)
    i.TIM_TI2_ConfigInputStage               0x08004df6   Section        0  stm32f3xx_hal_tim.o(i.TIM_TI2_ConfigInputStage)
    TIM_TI2_ConfigInputStage                 0x08004df7   Thumb Code    36  stm32f3xx_hal_tim.o(i.TIM_TI2_ConfigInputStage)
    i.USB_DevInit                            0x08004e1a   Section        0  stm32f3xx_ll_usb.o(i.USB_DevInit)
    i.USB_DisableGlobalInt                   0x08004e2c   Section        0  stm32f3xx_ll_usb.o(i.USB_DisableGlobalInt)
    i.USB_EPStartXfer                        0x08004e3a   Section        0  stm32f3xx_ll_usb.o(i.USB_EPStartXfer)
    i.USB_LP_CAN_RX0_IRQHandler              0x080052c4   Section        0  stm32f3xx_it.o(i.USB_LP_CAN_RX0_IRQHandler)
    i.USB_ReadInterrupts                     0x080052d0   Section        0  stm32f3xx_ll_usb.o(i.USB_ReadInterrupts)
    i.USB_ReadPMA                            0x080052d6   Section        0  stm32f3xx_ll_usb.o(i.USB_ReadPMA)
    i.USB_SetDevAddress                      0x080052fe   Section        0  stm32f3xx_ll_usb.o(i.USB_SetDevAddress)
    i.USB_WritePMA                           0x0800530c   Section        0  stm32f3xx_ll_usb.o(i.USB_WritePMA)
    i.UsageFault_Handler                     0x08005332   Section        0  stm32f3xx_it.o(i.UsageFault_Handler)
    i.__ARM_fpclassify                       0x08005334   Section        0  fpclassify.o(i.__ARM_fpclassify)
    i.__NVIC_DisableIRQ                      0x08005364   Section        0  tmp1075.o(i.__NVIC_DisableIRQ)
    __NVIC_DisableIRQ                        0x08005365   Thumb Code    34  tmp1075.o(i.__NVIC_DisableIRQ)
    i.__NVIC_EnableIRQ                       0x08005386   Section        0  tmp1075.o(i.__NVIC_EnableIRQ)
    __NVIC_EnableIRQ                         0x08005387   Thumb Code    26  tmp1075.o(i.__NVIC_EnableIRQ)
    i.__NVIC_SetPriority                     0x080053a0   Section        0  stm32f3xx_hal_cortex.o(i.__NVIC_SetPriority)
    __NVIC_SetPriority                       0x080053a1   Thumb Code    32  stm32f3xx_hal_cortex.o(i.__NVIC_SetPriority)
    i._is_digit                              0x080053c0   Section        0  __printf_wp.o(i._is_digit)
    i.aTransmitI2C                           0x080053d0   Section        0  tmp1075.o(i.aTransmitI2C)
    i.alertTmpInitIT                         0x0800546c   Section        0  tmp1075.o(i.alertTmpInitIT)
    i.convTemp                               0x08005518   Section        0  tmp1075.o(i.convTemp)
    i.getTemperature                         0x0800557c   Section        0  tmp1075.o(i.getTemperature)
    i.handlerAlertIT                         0x08005610   Section        0  tmp1075.o(i.handlerAlertIT)
    i.initAlertLimits                        0x08005718   Section        0  tmp1075.o(i.initAlertLimits)
    i.main                                   0x08005860   Section        0  main.o(i.main)
    i.tim1InitCmnParameters                  0x080059ac   Section        0  pulsegen.o(i.tim1InitCmnParameters)
    i.tim1SetCmnParameters                   0x080059c8   Section        0  pulsegen.o(i.tim1SetCmnParameters)
    i.tugglePinTest                          0x080059dc   Section        0  tmp1075.o(i.tugglePinTest)
    i.usartTx                                0x080059f8   Section        0  uart_io.o(i.usartTx)
    locale$$code                             0x08005a30   Section       44  lc_numeric_c.o(locale$$code)
    x$fpl$dretinf                            0x08005a5c   Section       12  dretinf.o(x$fpl$dretinf)
    $v0                                      0x08005a5c   Number         0  dretinf.o(x$fpl$dretinf)
    x$fpl$f2d                                0x08005a68   Section       86  f2d.o(x$fpl$f2d)
    $v0                                      0x08005a68   Number         0  f2d.o(x$fpl$f2d)
    x$fpl$fnaninf                            0x08005abe   Section      140  fnaninf.o(x$fpl$fnaninf)
    $v0                                      0x08005abe   Number         0  fnaninf.o(x$fpl$fnaninf)
    x$fpl$fpinit                             0x08005b4a   Section       10  fpinit.o(x$fpl$fpinit)
    $v0                                      0x08005b4a   Number         0  fpinit.o(x$fpl$fpinit)
    x$fpl$printf1                            0x08005b54   Section        4  printf1.o(x$fpl$printf1)
    $v0                                      0x08005b54   Number         0  printf1.o(x$fpl$printf1)
    .constdata                               0x08005b58   Section       16  system_stm32f3xx.o(.constdata)
    x$fpl$usenofp                            0x08005b58   Section        0  usenofp.o(x$fpl$usenofp)
    .constdata                               0x08005b68   Section        8  system_stm32f3xx.o(.constdata)
    .constdata                               0x08005b70   Section       40  _printf_hex_int.o(.constdata)
    uc_hextab                                0x08005b70   Data          20  _printf_hex_int.o(.constdata)
    lc_hextab                                0x08005b84   Data          20  _printf_hex_int.o(.constdata)
    .constdata                               0x08005b98   Section      148  bigflt0.o(.constdata)
    tenpwrs_x                                0x08005b98   Data          60  bigflt0.o(.constdata)
    tenpwrs_i                                0x08005bd4   Data          64  bigflt0.o(.constdata)
    locale$$data                             0x08005c4c   Section       28  lc_numeric_c.o(locale$$data)
    __lcnum_c_name                           0x08005c50   Data           2  lc_numeric_c.o(locale$$data)
    __lcnum_c_start                          0x08005c58   Data           0  lc_numeric_c.o(locale$$data)
    __lcnum_c_point                          0x08005c64   Data           0  lc_numeric_c.o(locale$$data)
    __lcnum_c_thousands                      0x08005c66   Data           0  lc_numeric_c.o(locale$$data)
    __lcnum_c_grouping                       0x08005c67   Data           0  lc_numeric_c.o(locale$$data)
    __lcnum_c_end                            0x08005c68   Data           0  lc_numeric_c.o(locale$$data)
    .data                                    0x20000000   Section      101  tmp1075.o(.data)
    eventFl                                  0x20000004   Data           1  tmp1075.o(.data)
    firstStartFl                             0x20000005   Data           1  tmp1075.o(.data)
    errorCode                                0x2000000c   Data           4  tmp1075.o(.data)
    errorAlert                               0x2000003d   Data          40  tmp1075.o(.data)
    .data                                    0x20000068   Section       12  stm32f3xx_it.o(.data)
    .data                                    0x20000074   Section       12  stm32f3xx_hal.o(.data)
    .data                                    0x20000080   Section        4  system_stm32f3xx.o(.data)
    .bss                                     0x20000084   Section       12  pulsegen.o(.bss)
    .bss                                     0x20000090   Section      168  tmp1075.o(.bss)
    errorMessage                             0x20000110   Data          40  tmp1075.o(.bss)
    .bss                                     0x20000138   Section      976  main.o(.bss)
    .bss                                     0x20000508   Section       96  libspace.o(.bss)
    HEAP                                     0x20000568   Section      512  startup_stm32f303xe.o(HEAP)
    Heap_Mem                                 0x20000568   Data         512  startup_stm32f303xe.o(HEAP)
    STACK                                    0x20000768   Section     1024  startup_stm32f303xe.o(STACK)
    Stack_Mem                                0x20000768   Data        1024  startup_stm32f303xe.o(STACK)
    __initial_sp                             0x20000b68   Data           0  startup_stm32f303xe.o(STACK)

    Global Symbols

    Symbol Name                              Value     Ov Type        Size  Object(Section)

    BuildAttributes$$THM_ISAv4$E$P$D$K$B$S$7EM$VFPi3$EXTD16$VFPS$VFMA$PE$A:L22UL41UL21$X:L11$S22US41US21$IEEE1$IW$USESV6$~STKCKD$USESV7$~SHL$OTIME$ROPI$IEEEJ$EBA8$UX$STANDARDLIB$REQ8$PRES8$EABIv2 0x00000000   Number         0  anon$$obj.o ABSOLUTE
    __ARM_use_no_argv                        0x00000000   Number         0  main.o ABSOLUTE
    _printf_flags                            0x00000000   Number         0  printf_stubs.o ABSOLUTE
    _printf_return_value                     0x00000000   Number         0  printf_stubs.o ABSOLUTE
    _printf_sizespec                         0x00000000   Number         0  printf_stubs.o ABSOLUTE
    _printf_widthprec                        0x00000000   Number         0  printf_stubs.o ABSOLUTE
    __ARM_exceptions_init                     - Undefined Weak Reference
    __alloca_initialize                       - Undefined Weak Reference
    __arm_fini_                               - Undefined Weak Reference
    __arm_preinit_                            - Undefined Weak Reference
    __cpp_initialize__aeabi_                  - Undefined Weak Reference
    __cxa_finalize                            - Undefined Weak Reference
    __sigvec_lookup                           - Undefined Weak Reference
    __user_heap_extent                        - Undefined Weak Reference
    _atexit_init                              - Undefined Weak Reference
    _call_atexit_fns                          - Undefined Weak Reference
    _clock_init                               - Undefined Weak Reference
    _fp_trap_init                             - Undefined Weak Reference
    _fp_trap_shutdown                         - Undefined Weak Reference
    _get_lc_collate                           - Undefined Weak Reference
    _get_lc_ctype                             - Undefined Weak Reference
    _get_lc_monetary                          - Undefined Weak Reference
    _get_lc_time                              - Undefined Weak Reference
    _getenv_init                              - Undefined Weak Reference
    _handle_redirection                       - Undefined Weak Reference
    _mutex_acquire                            - Undefined Weak Reference
    _mutex_free                               - Undefined Weak Reference
    _mutex_release                            - Undefined Weak Reference
    _printf_mbtowc                            - Undefined Weak Reference
    _printf_truncate_signed                   - Undefined Weak Reference
    _printf_truncate_unsigned                 - Undefined Weak Reference
    _rand_init                                - Undefined Weak Reference
    _signal_finish                            - Undefined Weak Reference
    _signal_init                              - Undefined Weak Reference
    __Vectors_Size                           0x00000194   Number         0  startup_stm32f303xe.o ABSOLUTE
    __Vectors                                0x08000000   Data           4  startup_stm32f303xe.o(RESET)
    __Vectors_End                            0x08000194   Data           0  startup_stm32f303xe.o(RESET)
    __main                                   0x08000195   Thumb Code     8  __main.o(!!!main)
    __scatterload                            0x0800019d   Thumb Code     0  __scatter.o(!!!scatter)
    __scatterload_rt2                        0x0800019d   Thumb Code    44  __scatter.o(!!!scatter)
    __scatterload_rt2_thumb_only             0x0800019d   Thumb Code     0  __scatter.o(!!!scatter)
    __scatterload_null                       0x080001ab   Thumb Code     0  __scatter.o(!!!scatter)
    __scatterload_copy                       0x080001d1   Thumb Code    26  __scatter_copy.o(!!handler_copy)
    __scatterload_zeroinit                   0x080001ed   Thumb Code    28  __scatter_zi.o(!!handler_zi)
    _printf_f                                0x08000209   Thumb Code     0  _printf_f.o(.ARM.Collect$$_printf_percent$$00000003)
    _printf_percent                          0x08000209   Thumb Code     0  _printf_percent.o(.ARM.Collect$$_printf_percent$$00000000)
    _printf_d                                0x0800020f   Thumb Code     0  _printf_d.o(.ARM.Collect$$_printf_percent$$00000009)
    _printf_x                                0x08000215   Thumb Code     0  _printf_x.o(.ARM.Collect$$_printf_percent$$0000000C)
    _printf_s                                0x0800021b   Thumb Code     0  _printf_s.o(.ARM.Collect$$_printf_percent$$00000014)
    _printf_percent_end                      0x08000221   Thumb Code     0  _printf_percent_end.o(.ARM.Collect$$_printf_percent$$00000017)
    __rt_lib_init                            0x08000225   Thumb Code     0  libinit.o(.ARM.Collect$$libinit$$00000000)
    __rt_lib_init_fp_1                       0x08000227   Thumb Code     0  libinit2.o(.ARM.Collect$$libinit$$00000001)
    __rt_lib_init_heap_1                     0x0800022b   Thumb Code     0  libinit2.o(.ARM.Collect$$libinit$$0000000A)
    __rt_lib_init_lc_common                  0x0800022b   Thumb Code     0  libinit2.o(.ARM.Collect$$libinit$$0000000F)
    __rt_lib_init_preinit_1                  0x0800022b   Thumb Code     0  libinit2.o(.ARM.Collect$$libinit$$00000004)
    __rt_lib_init_rand_1                     0x0800022b   Thumb Code     0  libinit2.o(.ARM.Collect$$libinit$$0000000E)
    __rt_lib_init_user_alloc_1               0x0800022b   Thumb Code     0  libinit2.o(.ARM.Collect$$libinit$$0000000C)
    __rt_lib_init_lc_collate_1               0x08000231   Thumb Code     0  libinit2.o(.ARM.Collect$$libinit$$00000011)
    __rt_lib_init_lc_ctype_1                 0x08000231   Thumb Code     0  libinit2.o(.ARM.Collect$$libinit$$00000013)
    __rt_lib_init_lc_monetary_1              0x08000231   Thumb Code     0  libinit2.o(.ARM.Collect$$libinit$$00000015)
    __rt_lib_init_lc_numeric_2               0x08000231   Thumb Code     0  libinit2.o(.ARM.Collect$$libinit$$00000016)
    __rt_lib_init_alloca_1                   0x0800023b   Thumb Code     0  libinit2.o(.ARM.Collect$$libinit$$0000002E)
    __rt_lib_init_argv_1                     0x0800023b   Thumb Code     0  libinit2.o(.ARM.Collect$$libinit$$0000002C)
    __rt_lib_init_atexit_1                   0x0800023b   Thumb Code     0  libinit2.o(.ARM.Collect$$libinit$$0000001B)
    __rt_lib_init_clock_1                    0x0800023b   Thumb Code     0  libinit2.o(.ARM.Collect$$libinit$$00000021)
    __rt_lib_init_cpp_1                      0x0800023b   Thumb Code     0  libinit2.o(.ARM.Collect$$libinit$$00000032)
    __rt_lib_init_exceptions_1               0x0800023b   Thumb Code     0  libinit2.o(.ARM.Collect$$libinit$$00000030)
    __rt_lib_init_fp_trap_1                  0x0800023b   Thumb Code     0  libinit2.o(.ARM.Collect$$libinit$$0000001F)
    __rt_lib_init_getenv_1                   0x0800023b   Thumb Code     0  libinit2.o(.ARM.Collect$$libinit$$00000023)
    __rt_lib_init_lc_numeric_1               0x0800023b   Thumb Code     0  libinit2.o(.ARM.Collect$$libinit$$00000017)
    __rt_lib_init_lc_time_1                  0x0800023b   Thumb Code     0  libinit2.o(.ARM.Collect$$libinit$$00000019)
    __rt_lib_init_return                     0x0800023b   Thumb Code     0  libinit2.o(.ARM.Collect$$libinit$$00000033)
    __rt_lib_init_signal_1                   0x0800023b   Thumb Code     0  libinit2.o(.ARM.Collect$$libinit$$0000001D)
    __rt_lib_init_stdio_1                    0x0800023b   Thumb Code     0  libinit2.o(.ARM.Collect$$libinit$$00000025)
    __rt_lib_shutdown                        0x0800023d   Thumb Code     0  libshutdown.o(.ARM.Collect$$libshutdown$$00000000)
    __rt_lib_shutdown_cpp_1                  0x0800023f   Thumb Code     0  libshutdown2.o(.ARM.Collect$$libshutdown$$00000004)
    __rt_lib_shutdown_fini_1                 0x0800023f   Thumb Code     0  libshutdown2.o(.ARM.Collect$$libshutdown$$00000002)
    __rt_lib_shutdown_fp_trap_1              0x0800023f   Thumb Code     0  libshutdown2.o(.ARM.Collect$$libshutdown$$00000009)
    __rt_lib_shutdown_heap_1                 0x0800023f   Thumb Code     0  libshutdown2.o(.ARM.Collect$$libshutdown$$00000011)
    __rt_lib_shutdown_return                 0x0800023f   Thumb Code     0  libshutdown2.o(.ARM.Collect$$libshutdown$$00000012)
    __rt_lib_shutdown_signal_1               0x0800023f   Thumb Code     0  libshutdown2.o(.ARM.Collect$$libshutdown$$0000000C)
    __rt_lib_shutdown_stdio_1                0x0800023f   Thumb Code     0  libshutdown2.o(.ARM.Collect$$libshutdown$$00000006)
    __rt_lib_shutdown_user_alloc_1           0x0800023f   Thumb Code     0  libshutdown2.o(.ARM.Collect$$libshutdown$$0000000E)
    __rt_entry                               0x08000241   Thumb Code     0  __rtentry.o(.ARM.Collect$$rtentry$$00000000)
    __rt_entry_presh_1                       0x08000241   Thumb Code     0  __rtentry2.o(.ARM.Collect$$rtentry$$00000002)
    __rt_entry_sh                            0x08000241   Thumb Code     0  __rtentry4.o(.ARM.Collect$$rtentry$$00000004)
    __rt_entry_li                            0x08000247   Thumb Code     0  __rtentry2.o(.ARM.Collect$$rtentry$$0000000A)
    __rt_entry_postsh_1                      0x08000247   Thumb Code     0  __rtentry2.o(.ARM.Collect$$rtentry$$00000009)
    __rt_entry_main                          0x0800024b   Thumb Code     0  __rtentry2.o(.ARM.Collect$$rtentry$$0000000D)
    __rt_entry_postli_1                      0x0800024b   Thumb Code     0  __rtentry2.o(.ARM.Collect$$rtentry$$0000000C)
    __rt_exit                                0x08000253   Thumb Code     0  rtexit.o(.ARM.Collect$$rtexit$$00000000)
    __rt_exit_ls                             0x08000255   Thumb Code     0  rtexit2.o(.ARM.Collect$$rtexit$$00000003)
    __rt_exit_prels_1                        0x08000255   Thumb Code     0  rtexit2.o(.ARM.Collect$$rtexit$$00000002)
    __rt_exit_exit                           0x08000259   Thumb Code     0  rtexit2.o(.ARM.Collect$$rtexit$$00000004)
    Reset_Handler                            0x08000261   Thumb Code     8  startup_stm32f303xe.o(.text)
    ADC1_2_IRQHandler                        0x0800027b   Thumb Code     0  startup_stm32f303xe.o(.text)
    ADC3_IRQHandler                          0x0800027b   Thumb Code     0  startup_stm32f303xe.o(.text)
    ADC4_IRQHandler                          0x0800027b   Thumb Code     0  startup_stm32f303xe.o(.text)
    CAN_RX1_IRQHandler                       0x0800027b   Thumb Code     0  startup_stm32f303xe.o(.text)
    CAN_SCE_IRQHandler                       0x0800027b   Thumb Code     0  startup_stm32f303xe.o(.text)
    COMP1_2_3_IRQHandler                     0x0800027b   Thumb Code     0  startup_stm32f303xe.o(.text)
    COMP4_5_6_IRQHandler                     0x0800027b   Thumb Code     0  startup_stm32f303xe.o(.text)
    COMP7_IRQHandler                         0x0800027b   Thumb Code     0  startup_stm32f303xe.o(.text)
    DMA1_Channel1_IRQHandler                 0x0800027b   Thumb Code     0  startup_stm32f303xe.o(.text)
    DMA1_Channel2_IRQHandler                 0x0800027b   Thumb Code     0  startup_stm32f303xe.o(.text)
    DMA1_Channel3_IRQHandler                 0x0800027b   Thumb Code     0  startup_stm32f303xe.o(.text)
    DMA1_Channel4_IRQHandler                 0x0800027b   Thumb Code     0  startup_stm32f303xe.o(.text)
    DMA1_Channel5_IRQHandler                 0x0800027b   Thumb Code     0  startup_stm32f303xe.o(.text)
    DMA1_Channel6_IRQHandler                 0x0800027b   Thumb Code     0  startup_stm32f303xe.o(.text)
    DMA1_Channel7_IRQHandler                 0x0800027b   Thumb Code     0  startup_stm32f303xe.o(.text)
    DMA2_Channel1_IRQHandler                 0x0800027b   Thumb Code     0  startup_stm32f303xe.o(.text)
    DMA2_Channel2_IRQHandler                 0x0800027b   Thumb Code     0  startup_stm32f303xe.o(.text)
    DMA2_Channel3_IRQHandler                 0x0800027b   Thumb Code     0  startup_stm32f303xe.o(.text)
    DMA2_Channel4_IRQHandler                 0x0800027b   Thumb Code     0  startup_stm32f303xe.o(.text)
    DMA2_Channel5_IRQHandler                 0x0800027b   Thumb Code     0  startup_stm32f303xe.o(.text)
    EXTI0_IRQHandler                         0x0800027b   Thumb Code     0  startup_stm32f303xe.o(.text)
    EXTI15_10_IRQHandler                     0x0800027b   Thumb Code     0  startup_stm32f303xe.o(.text)
    EXTI1_IRQHandler                         0x0800027b   Thumb Code     0  startup_stm32f303xe.o(.text)
    EXTI2_TSC_IRQHandler                     0x0800027b   Thumb Code     0  startup_stm32f303xe.o(.text)
    EXTI3_IRQHandler                         0x0800027b   Thumb Code     0  startup_stm32f303xe.o(.text)
    EXTI4_IRQHandler                         0x0800027b   Thumb Code     0  startup_stm32f303xe.o(.text)
    EXTI9_5_IRQHandler                       0x0800027b   Thumb Code     0  startup_stm32f303xe.o(.text)
    FLASH_IRQHandler                         0x0800027b   Thumb Code     0  startup_stm32f303xe.o(.text)
    FMC_IRQHandler                           0x0800027b   Thumb Code     0  startup_stm32f303xe.o(.text)
    FPU_IRQHandler                           0x0800027b   Thumb Code     0  startup_stm32f303xe.o(.text)
    I2C2_ER_IRQHandler                       0x0800027b   Thumb Code     0  startup_stm32f303xe.o(.text)
    I2C2_EV_IRQHandler                       0x0800027b   Thumb Code     0  startup_stm32f303xe.o(.text)
    I2C3_ER_IRQHandler                       0x0800027b   Thumb Code     0  startup_stm32f303xe.o(.text)
    I2C3_EV_IRQHandler                       0x0800027b   Thumb Code     0  startup_stm32f303xe.o(.text)
    PVD_IRQHandler                           0x0800027b   Thumb Code     0  startup_stm32f303xe.o(.text)
    RCC_IRQHandler                           0x0800027b   Thumb Code     0  startup_stm32f303xe.o(.text)
    RTC_Alarm_IRQHandler                     0x0800027b   Thumb Code     0  startup_stm32f303xe.o(.text)
    RTC_WKUP_IRQHandler                      0x0800027b   Thumb Code     0  startup_stm32f303xe.o(.text)
    SPI1_IRQHandler                          0x0800027b   Thumb Code     0  startup_stm32f303xe.o(.text)
    SPI2_IRQHandler                          0x0800027b   Thumb Code     0  startup_stm32f303xe.o(.text)
    SPI3_IRQHandler                          0x0800027b   Thumb Code     0  startup_stm32f303xe.o(.text)
    SPI4_IRQHandler                          0x0800027b   Thumb Code     0  startup_stm32f303xe.o(.text)
    TAMP_STAMP_IRQHandler                    0x0800027b   Thumb Code     0  startup_stm32f303xe.o(.text)
    TIM1_BRK_TIM15_IRQHandler                0x0800027b   Thumb Code     0  startup_stm32f303xe.o(.text)
    TIM1_CC_IRQHandler                       0x0800027b   Thumb Code     0  startup_stm32f303xe.o(.text)
    TIM1_TRG_COM_TIM17_IRQHandler            0x0800027b   Thumb Code     0  startup_stm32f303xe.o(.text)
    TIM1_UP_TIM16_IRQHandler                 0x0800027b   Thumb Code     0  startup_stm32f303xe.o(.text)
    TIM20_BRK_IRQHandler                     0x0800027b   Thumb Code     0  startup_stm32f303xe.o(.text)
    TIM20_CC_IRQHandler                      0x0800027b   Thumb Code     0  startup_stm32f303xe.o(.text)
    TIM20_TRG_COM_IRQHandler                 0x0800027b   Thumb Code     0  startup_stm32f303xe.o(.text)
    TIM20_UP_IRQHandler                      0x0800027b   Thumb Code     0  startup_stm32f303xe.o(.text)
    TIM2_IRQHandler                          0x0800027b   Thumb Code     0  startup_stm32f303xe.o(.text)
    TIM3_IRQHandler                          0x0800027b   Thumb Code     0  startup_stm32f303xe.o(.text)
    TIM4_IRQHandler                          0x0800027b   Thumb Code     0  startup_stm32f303xe.o(.text)
    TIM7_IRQHandler                          0x0800027b   Thumb Code     0  startup_stm32f303xe.o(.text)
    TIM8_BRK_IRQHandler                      0x0800027b   Thumb Code     0  startup_stm32f303xe.o(.text)
    TIM8_CC_IRQHandler                       0x0800027b   Thumb Code     0  startup_stm32f303xe.o(.text)
    TIM8_TRG_COM_IRQHandler                  0x0800027b   Thumb Code     0  startup_stm32f303xe.o(.text)
    TIM8_UP_IRQHandler                       0x0800027b   Thumb Code     0  startup_stm32f303xe.o(.text)
    UART4_IRQHandler                         0x0800027b   Thumb Code     0  startup_stm32f303xe.o(.text)
    UART5_IRQHandler                         0x0800027b   Thumb Code     0  startup_stm32f303xe.o(.text)
    USART1_IRQHandler                        0x0800027b   Thumb Code     0  startup_stm32f303xe.o(.text)
    USART2_IRQHandler                        0x0800027b   Thumb Code     0  startup_stm32f303xe.o(.text)
    USART3_IRQHandler                        0x0800027b   Thumb Code     0  startup_stm32f303xe.o(.text)
    USBWakeUp_IRQHandler                     0x0800027b   Thumb Code     0  startup_stm32f303xe.o(.text)
    USBWakeUp_RMP_IRQHandler                 0x0800027b   Thumb Code     0  startup_stm32f303xe.o(.text)
    USB_HP_CAN_TX_IRQHandler                 0x0800027b   Thumb Code     0  startup_stm32f303xe.o(.text)
    USB_HP_IRQHandler                        0x0800027b   Thumb Code     0  startup_stm32f303xe.o(.text)
    USB_LP_IRQHandler                        0x0800027b   Thumb Code     0  startup_stm32f303xe.o(.text)
    WWDG_IRQHandler                          0x0800027b   Thumb Code     0  startup_stm32f303xe.o(.text)
    __user_initial_stackheap                 0x0800027d   Thumb Code     0  startup_stm32f303xe.o(.text)
    __2sprintf                               0x080002a1   Thumb Code    34  noretval__2sprintf.o(.text)
    _printf_str                              0x080002c9   Thumb Code    82  _printf_str.o(.text)
    _printf_int_dec                          0x0800031d   Thumb Code   104  _printf_dec.o(.text)
    _printf_int_hex                          0x08000395   Thumb Code    84  _printf_hex_int.o(.text)
    _printf_longlong_hex                     0x08000395   Thumb Code     0  _printf_hex_int.o(.text)
    __printf                                 0x080003ed   Thumb Code   270  __printf_wp.o(.text)
    __aeabi_memcpy4                          0x080004fb   Thumb Code     0  rt_memcpy_w.o(.text)
    __aeabi_memcpy8                          0x080004fb   Thumb Code     0  rt_memcpy_w.o(.text)
    __rt_memcpy_w                            0x080004fb   Thumb Code   100  rt_memcpy_w.o(.text)
    _memcpy_lastbytes_aligned                0x08000543   Thumb Code     0  rt_memcpy_w.o(.text)
    __aeabi_memclr4                          0x0800055f   Thumb Code     0  rt_memclr_w.o(.text)
    __aeabi_memclr8                          0x0800055f   Thumb Code     0  rt_memclr_w.o(.text)
    __rt_memclr_w                            0x0800055f   Thumb Code    78  rt_memclr_w.o(.text)
    _memset_w                                0x08000563   Thumb Code     0  rt_memclr_w.o(.text)
    __use_two_region_memory                  0x080005ad   Thumb Code     2  heapauxi.o(.text)
    __rt_heap_escrow                         0x080005af   Thumb Code     2  heapauxi.o(.text)
    __rt_heap_expand                         0x080005b1   Thumb Code     2  heapauxi.o(.text)
    _printf_int_common                       0x080005b3   Thumb Code   178  _printf_intcommon.o(.text)
    __lib_sel_fp_printf                      0x08000665   Thumb Code     2  _printf_fp_dec.o(.text)
    _printf_fp_dec_real                      0x08000817   Thumb Code   620  _printf_fp_dec.o(.text)
    _printf_char_common                      0x08000a8f   Thumb Code    32  _printf_char_common.o(.text)
    _sputc                                   0x08000ab5   Thumb Code    10  _sputc.o(.text)
    _printf_cs_common                        0x08000abf   Thumb Code    20  _printf_char.o(.text)
    _printf_char                             0x08000ad3   Thumb Code    16  _printf_char.o(.text)
    _printf_string                           0x08000ae3   Thumb Code     8  _printf_char.o(.text)
    __rt_locale                              0x08000aed   Thumb Code     8  rt_locale_intlibspace.o(.text)
    _ll_udiv10                               0x08000af5   Thumb Code   138  lludiv10.o(.text)
    _printf_fp_infnan                        0x08000b81   Thumb Code   112  _printf_fp_infnan.o(.text)
    _btod_etento                             0x08000c01   Thumb Code   224  bigflt0.o(.text)
    __user_libspace                          0x08000ce5   Thumb Code     8  libspace.o(.text)
    __user_perproc_libspace                  0x08000ce5   Thumb Code     0  libspace.o(.text)
    __user_perthread_libspace                0x08000ce5   Thumb Code     0  libspace.o(.text)
    __user_setup_stackheap                   0x08000ced   Thumb Code    74  sys_stackheap_outer.o(.text)
    exit                                     0x08000d37   Thumb Code    18  exit.o(.text)
    strcmp                                   0x08000d49   Thumb Code   128  strcmpv7m.o(.text)
    __I$use$semihosting                      0x08000dc9   Thumb Code     0  use_no_semi.o(.text)
    __use_no_semihosting_swi                 0x08000dc9   Thumb Code     2  use_no_semi.o(.text)
    __semihosting_library_function           0x08000dcb   Thumb Code     0  indicate_semi.o(.text)
    _sys_exit                                0x08000dcd   Thumb Code     8  sys_exit.o(.text)
    _btod_d2e                                0x08000dd9   Thumb Code    62  btod.o(CL$$btod_d2e)
    _d2e_denorm_low                          0x08000e17   Thumb Code    70  btod.o(CL$$btod_d2e_denorm_low)
    _d2e_norm_op1                            0x08000e5d   Thumb Code    96  btod.o(CL$$btod_d2e_norm_op1)
    __btod_div_common                        0x08000ebd   Thumb Code   696  btod.o(CL$$btod_div_common)
    _e2e                                     0x080011f5   Thumb Code   220  btod.o(CL$$btod_e2e)
    _btod_ediv                               0x080012d1   Thumb Code    42  btod.o(CL$$btod_ediv)
    _btod_emul                               0x080012fb   Thumb Code    42  btod.o(CL$$btod_emul)
    __btod_mult_common                       0x08001325   Thumb Code   580  btod.o(CL$$btod_mult_common)
    BusFault_Handler                         0x08001569   Thumb Code     2  stm32f3xx_it.o(i.BusFault_Handler)
    DebugMon_Handler                         0x0800156b   Thumb Code     2  stm32f3xx_it.o(i.DebugMon_Handler)
    HAL_DMA_Abort_IT                         0x0800156d   Thumb Code    74  stm32f3xx_hal_dma.o(i.HAL_DMA_Abort_IT)
    HAL_DMA_GetState                         0x080015b7   Thumb Code     6  stm32f3xx_hal_dma.o(i.HAL_DMA_GetState)
    HAL_Delay                                0x080015bd   Thumb Code    32  stm32f3xx_hal.o(i.HAL_Delay)
    HAL_GPIO_Init                            0x080015e1   Thumb Code   554  stm32f3xx_hal_gpio.o(i.HAL_GPIO_Init)
    HAL_GetTick                              0x08001831   Thumb Code     6  stm32f3xx_hal.o(i.HAL_GetTick)
    HAL_I2CEx_ConfigAnalogFilter             0x0800183d   Thumb Code    86  stm32f3xx_hal_i2c_ex.o(i.HAL_I2CEx_ConfigAnalogFilter)
    HAL_I2CEx_ConfigDigitalFilter            0x08001893   Thumb Code    82  stm32f3xx_hal_i2c_ex.o(i.HAL_I2CEx_ConfigDigitalFilter)
    HAL_I2C_AbortCpltCallback                0x080018e5   Thumb Code     2  stm32f3xx_hal_i2c.o(i.HAL_I2C_AbortCpltCallback)
    HAL_I2C_AddrCallback                     0x080018e7   Thumb Code     2  stm32f3xx_hal_i2c.o(i.HAL_I2C_AddrCallback)
    HAL_I2C_ER_IRQHandler                    0x080018e9   Thumb Code   104  stm32f3xx_hal_i2c.o(i.HAL_I2C_ER_IRQHandler)
    HAL_I2C_EV_IRQHandler                    0x08001951   Thumb Code    16  stm32f3xx_hal_i2c.o(i.HAL_I2C_EV_IRQHandler)
    HAL_I2C_ErrorCallback                    0x08001961   Thumb Code     2  stm32f3xx_hal_i2c.o(i.HAL_I2C_ErrorCallback)
    HAL_I2C_GetError                         0x08001963   Thumb Code     4  stm32f3xx_hal_i2c.o(i.HAL_I2C_GetError)
    HAL_I2C_Init                             0x08001969   Thumb Code   178  stm32f3xx_hal_i2c.o(i.HAL_I2C_Init)
    HAL_I2C_ListenCpltCallback               0x08001a21   Thumb Code     2  stm32f3xx_hal_i2c.o(i.HAL_I2C_ListenCpltCallback)
    HAL_I2C_MasterRxCpltCallback             0x08001a23   Thumb Code     2  tmp1075.o(i.HAL_I2C_MasterRxCpltCallback)
    HAL_I2C_MasterTxCpltCallback             0x08001a25   Thumb Code    24  tmp1075.o(i.HAL_I2C_MasterTxCpltCallback)
    HAL_I2C_Master_Receive                   0x08001a41   Thumb Code   282  stm32f3xx_hal_i2c.o(i.HAL_I2C_Master_Receive)
    HAL_I2C_Master_Receive_IT                0x08001b65   Thumb Code   122  stm32f3xx_hal_i2c.o(i.HAL_I2C_Master_Receive_IT)
    HAL_I2C_Master_Transmit                  0x08001bed   Thumb Code   282  stm32f3xx_hal_i2c.o(i.HAL_I2C_Master_Transmit)
    HAL_I2C_Master_Transmit_IT               0x08001d11   Thumb Code   122  stm32f3xx_hal_i2c.o(i.HAL_I2C_Master_Transmit_IT)
    HAL_I2C_MemRxCpltCallback                0x08001d99   Thumb Code     2  stm32f3xx_hal_i2c.o(i.HAL_I2C_MemRxCpltCallback)
    HAL_I2C_MemTxCpltCallback                0x08001d9b   Thumb Code     2  stm32f3xx_hal_i2c.o(i.HAL_I2C_MemTxCpltCallback)
    HAL_I2C_MspInit                          0x08001d9d   Thumb Code   122  stm32f3xx_hal_msp.o(i.HAL_I2C_MspInit)
    HAL_I2C_SlaveRxCpltCallback              0x08001e25   Thumb Code     2  stm32f3xx_hal_i2c.o(i.HAL_I2C_SlaveRxCpltCallback)
    HAL_I2C_SlaveTxCpltCallback              0x08001e27   Thumb Code     2  stm32f3xx_hal_i2c.o(i.HAL_I2C_SlaveTxCpltCallback)
    HAL_IncTick                              0x08001e29   Thumb Code    12  stm32f3xx_hal.o(i.HAL_IncTick)
    HAL_Init                                 0x08001e39   Thumb Code    32  stm32f3xx_hal.o(i.HAL_Init)
    HAL_InitTick                             0x08001e5d   Thumb Code    54  stm32f3xx_hal.o(i.HAL_InitTick)
    HAL_MspInit                              0x08001e9d   Thumb Code    38  stm32f3xx_hal_msp.o(i.HAL_MspInit)
    HAL_NVIC_EnableIRQ                       0x08001ec9   Thumb Code    26  stm32f3xx_hal_cortex.o(i.HAL_NVIC_EnableIRQ)
    HAL_NVIC_SetPriority                     0x08001ee5   Thumb Code    60  stm32f3xx_hal_cortex.o(i.HAL_NVIC_SetPriority)
    HAL_NVIC_SetPriorityGrouping             0x08001f25   Thumb Code    26  stm32f3xx_hal_cortex.o(i.HAL_NVIC_SetPriorityGrouping)
    HAL_PCD_DataInStageCallback              0x08001f49   Thumb Code     2  stm32f3xx_hal_pcd.o(i.HAL_PCD_DataInStageCallback)
    HAL_PCD_DataOutStageCallback             0x08001f4b   Thumb Code     2  stm32f3xx_hal_pcd.o(i.HAL_PCD_DataOutStageCallback)
    HAL_PCD_IRQHandler                       0x08002359   Thumb Code   256  stm32f3xx_hal_pcd.o(i.HAL_PCD_IRQHandler)
    HAL_PCD_Init                             0x08002459   Thumb Code   166  stm32f3xx_hal_pcd.o(i.HAL_PCD_Init)
    HAL_PCD_MspInit                          0x08002501   Thumb Code    50  stm32f3xx_hal_msp.o(i.HAL_PCD_MspInit)
    HAL_PCD_ResetCallback                    0x0800253d   Thumb Code     2  stm32f3xx_hal_pcd.o(i.HAL_PCD_ResetCallback)
    HAL_PCD_ResumeCallback                   0x0800253f   Thumb Code     2  stm32f3xx_hal_pcd.o(i.HAL_PCD_ResumeCallback)
    HAL_PCD_SOFCallback                      0x08002541   Thumb Code     2  stm32f3xx_hal_pcd.o(i.HAL_PCD_SOFCallback)
    HAL_PCD_SetAddress                       0x08002543   Thumb Code    40  stm32f3xx_hal_pcd.o(i.HAL_PCD_SetAddress)
    HAL_PCD_SetupStageCallback               0x0800256b   Thumb Code     2  stm32f3xx_hal_pcd.o(i.HAL_PCD_SetupStageCallback)
    HAL_PCD_SuspendCallback                  0x0800256d   Thumb Code     2  stm32f3xx_hal_pcd.o(i.HAL_PCD_SuspendCallback)
    HAL_SYSTICK_Config                       0x0800256f   Thumb Code    40  stm32f3xx_hal_cortex.o(i.HAL_SYSTICK_Config)
    HAL_TIMEx_Break2Callback                 0x08002597   Thumb Code     2  stm32f3xx_hal_tim_ex.o(i.HAL_TIMEx_Break2Callback)
    HAL_TIMEx_BreakCallback                  0x08002599   Thumb Code     2  stm32f3xx_hal_tim_ex.o(i.HAL_TIMEx_BreakCallback)
    HAL_TIMEx_CommutCallback                 0x0800259b   Thumb Code     2  stm32f3xx_hal_tim_ex.o(i.HAL_TIMEx_CommutCallback)
    HAL_TIMEx_ConfigBreakDeadTime            0x0800259d   Thumb Code   138  stm32f3xx_hal_tim_ex.o(i.HAL_TIMEx_ConfigBreakDeadTime)
    HAL_TIMEx_MasterConfigSynchronization    0x08002635   Thumb Code   136  stm32f3xx_hal_tim_ex.o(i.HAL_TIMEx_MasterConfigSynchronization)
    HAL_TIMEx_PWMN_Start                     0x080026d5   Thumb Code   164  stm32f3xx_hal_tim_ex.o(i.HAL_TIMEx_PWMN_Start)
    HAL_TIM_Base_Init                        0x08002795   Thumb Code    98  stm32f3xx_hal_tim.o(i.HAL_TIM_Base_Init)
    HAL_TIM_Base_MspInit                     0x080027f9   Thumb Code    72  stm32f3xx_hal_msp.o(i.HAL_TIM_Base_MspInit)
    HAL_TIM_Base_Start_IT                    0x0800284d   Thumb Code   100  stm32f3xx_hal_tim.o(i.HAL_TIM_Base_Start_IT)
    HAL_TIM_ConfigClockSource                0x080028cd   Thumb Code   220  stm32f3xx_hal_tim.o(i.HAL_TIM_ConfigClockSource)
    HAL_TIM_IC_CaptureCallback               0x080029ad   Thumb Code     2  stm32f3xx_hal_tim.o(i.HAL_TIM_IC_CaptureCallback)
    HAL_TIM_IRQHandler                       0x080029af   Thumb Code   388  stm32f3xx_hal_tim.o(i.HAL_TIM_IRQHandler)
    HAL_TIM_MspPostInit                      0x08002b35   Thumb Code   108  stm32f3xx_hal_msp.o(i.HAL_TIM_MspPostInit)
    HAL_TIM_OC_DelayElapsedCallback          0x08002bad   Thumb Code     2  stm32f3xx_hal_tim.o(i.HAL_TIM_OC_DelayElapsedCallback)
    HAL_TIM_PWM_ConfigChannel                0x08002baf   Thumb Code   292  stm32f3xx_hal_tim.o(i.HAL_TIM_PWM_ConfigChannel)
    HAL_TIM_PWM_Init                         0x08002cd3   Thumb Code    98  stm32f3xx_hal_tim.o(i.HAL_TIM_PWM_Init)
    HAL_TIM_PWM_MspInit                      0x08002d35   Thumb Code     2  stm32f3xx_hal_tim.o(i.HAL_TIM_PWM_MspInit)
    HAL_TIM_PWM_PulseFinishedCallback        0x08002d37   Thumb Code     2  stm32f3xx_hal_tim.o(i.HAL_TIM_PWM_PulseFinishedCallback)
    HAL_TIM_PWM_Start_IT                     0x08002d39   Thumb Code   272  stm32f3xx_hal_tim.o(i.HAL_TIM_PWM_Start_IT)
    HAL_TIM_PeriodElapsedCallback            0x08002e6d   Thumb Code     2  stm32f3xx_hal_tim.o(i.HAL_TIM_PeriodElapsedCallback)
    HAL_TIM_TriggerCallback                  0x08002e6f   Thumb Code     2  stm32f3xx_hal_tim.o(i.HAL_TIM_TriggerCallback)
    HardFault_Handler                        0x08002e71   Thumb Code     2  stm32f3xx_it.o(i.HardFault_Handler)
    I2C1_ER_IRQHandler                       0x08002e75   Thumb Code    34  stm32f3xx_it.o(i.I2C1_ER_IRQHandler)
    I2C1_EV_IRQHandler                       0x08002ea5   Thumb Code     6  stm32f3xx_it.o(i.I2C1_EV_IRQHandler)
    LL_EXTI_Init                             0x08003b55   Thumb Code   310  stm32f3xx_ll_exti.o(i.LL_EXTI_Init)
    LL_GPIO_Init                             0x08003c91   Thumb Code   318  stm32f3xx_ll_gpio.o(i.LL_GPIO_Init)
    LL_RCC_GetUARTClockFreq                  0x08003dd1   Thumb Code   130  stm32f3xx_ll_rcc.o(i.LL_RCC_GetUARTClockFreq)
    LL_RCC_GetUSARTClockFreq                 0x08003e65   Thumb Code   144  stm32f3xx_ll_rcc.o(i.LL_RCC_GetUSARTClockFreq)
    LL_RTC_EnterInitMode                     0x08003f35   Thumb Code    70  stm32f3xx_ll_rtc.o(i.LL_RTC_EnterInitMode)
    LL_RTC_Init                              0x08003f7b   Thumb Code    80  stm32f3xx_ll_rtc.o(i.LL_RTC_Init)
    LL_SetSystemCoreClock                    0x08003fcd   Thumb Code     6  stm32f3xx_ll_utils.o(i.LL_SetSystemCoreClock)
    LL_USART_Init                            0x08003fd9   Thumb Code   184  stm32f3xx_ll_usart.o(i.LL_USART_Init)
    MemManage_Handler                        0x080043b9   Thumb Code     2  stm32f3xx_it.o(i.MemManage_Handler)
    NMI_Handler                              0x080043bb   Thumb Code     2  stm32f3xx_it.o(i.NMI_Handler)
    PendSV_Handler                           0x08004731   Thumb Code     2  stm32f3xx_it.o(i.PendSV_Handler)
    RCC_GetHCLKClockFreq                     0x08004735   Thumb Code    18  stm32f3xx_ll_rcc.o(i.RCC_GetHCLKClockFreq)
    RCC_GetPCLK1ClockFreq                    0x08004751   Thumb Code    20  stm32f3xx_ll_rcc.o(i.RCC_GetPCLK1ClockFreq)
    RCC_GetPCLK2ClockFreq                    0x0800476d   Thumb Code    20  stm32f3xx_ll_rcc.o(i.RCC_GetPCLK2ClockFreq)
    RCC_GetSystemClockFreq                   0x08004789   Thumb Code    26  stm32f3xx_ll_rcc.o(i.RCC_GetSystemClockFreq)
    RCC_PLL_GetFreqDomain_SYS                0x080047ad   Thumb Code    44  stm32f3xx_ll_rcc.o(i.RCC_PLL_GetFreqDomain_SYS)
    SVC_Handler                              0x080047e1   Thumb Code     2  stm32f3xx_it.o(i.SVC_Handler)
    SysTick_Handler                          0x080047e3   Thumb Code     4  stm32f3xx_it.o(i.SysTick_Handler)
    SystemClock_Config                       0x080047e9   Thumb Code   300  main.o(i.SystemClock_Config)
    SystemInit                               0x08004925   Thumb Code    12  system_stm32f3xx.o(i.SystemInit)
    TIM6_DAC_IRQHandler                      0x08004935   Thumb Code    26  stm32f3xx_it.o(i.TIM6_DAC_IRQHandler)
    TIM_Base_SetConfig                       0x08004959   Thumb Code   164  stm32f3xx_hal_tim.o(i.TIM_Base_SetConfig)
    TIM_CCxChannelCmd                        0x08004a1d   Thumb Code    26  stm32f3xx_hal_tim.o(i.TIM_CCxChannelCmd)
    TIM_ETR_SetConfig                        0x08004a51   Thumb Code    20  stm32f3xx_hal_tim.o(i.TIM_ETR_SetConfig)
    TIM_OC2_SetConfig                        0x08004b21   Thumb Code   132  stm32f3xx_hal_tim.o(i.TIM_OC2_SetConfig)
    USB_DevInit                              0x08004e1b   Thumb Code    18  stm32f3xx_ll_usb.o(i.USB_DevInit)
    USB_DisableGlobalInt                     0x08004e2d   Thumb Code    14  stm32f3xx_ll_usb.o(i.USB_DisableGlobalInt)
    USB_EPStartXfer                          0x08004e3b   Thumb Code  1160  stm32f3xx_ll_usb.o(i.USB_EPStartXfer)
    USB_LP_CAN_RX0_IRQHandler                0x080052c5   Thumb Code     6  stm32f3xx_it.o(i.USB_LP_CAN_RX0_IRQHandler)
    USB_ReadInterrupts                       0x080052d1   Thumb Code     6  stm32f3xx_ll_usb.o(i.USB_ReadInterrupts)
    USB_ReadPMA                              0x080052d7   Thumb Code    40  stm32f3xx_ll_usb.o(i.USB_ReadPMA)
    USB_SetDevAddress                        0x080052ff   Thumb Code    12  stm32f3xx_ll_usb.o(i.USB_SetDevAddress)
    USB_WritePMA                             0x0800530d   Thumb Code    38  stm32f3xx_ll_usb.o(i.USB_WritePMA)
    UsageFault_Handler                       0x08005333   Thumb Code     2  stm32f3xx_it.o(i.UsageFault_Handler)
    __ARM_fpclassify                         0x08005335   Thumb Code    48  fpclassify.o(i.__ARM_fpclassify)
    _is_digit                                0x080053c1   Thumb Code    14  __printf_wp.o(i._is_digit)
    aTransmitI2C                             0x080053d1   Thumb Code   138  tmp1075.o(i.aTransmitI2C)
    alertTmpInitIT                           0x0800546d   Thumb Code   142  tmp1075.o(i.alertTmpInitIT)
    convTemp                                 0x08005519   Thumb Code    94  tmp1075.o(i.convTemp)
    getTemperature                           0x0800557d   Thumb Code   110  tmp1075.o(i.getTemperature)
    handlerAlertIT                           0x08005611   Thumb Code   152  tmp1075.o(i.handlerAlertIT)
    initAlertLimits                          0x08005719   Thumb Code   270  tmp1075.o(i.initAlertLimits)
    main                                     0x08005861   Thumb Code   294  main.o(i.main)
    tim1InitCmnParameters                    0x080059ad   Thumb Code    18  pulsegen.o(i.tim1InitCmnParameters)
    tim1SetCmnParameters                     0x080059c9   Thumb Code    16  pulsegen.o(i.tim1SetCmnParameters)
    tugglePinTest                            0x080059dd   Thumb Code    22  tmp1075.o(i.tugglePinTest)
    usartTx                                  0x080059f9   Thumb Code    52  uart_io.o(i.usartTx)
    _get_lc_numeric                          0x08005a31   Thumb Code    44  lc_numeric_c.o(locale$$code)
    __fpl_dretinf                            0x08005a5d   Thumb Code    12  dretinf.o(x$fpl$dretinf)
    __aeabi_f2d                              0x08005a69   Thumb Code     0  f2d.o(x$fpl$f2d)
    _f2d                                     0x08005a69   Thumb Code    86  f2d.o(x$fpl$f2d)
    __fpl_fnaninf                            0x08005abf   Thumb Code   140  fnaninf.o(x$fpl$fnaninf)
    _fp_init                                 0x08005b4b   Thumb Code    10  fpinit.o(x$fpl$fpinit)
    __fplib_config_fpu_vfp                   0x08005b53   Thumb Code     0  fpinit.o(x$fpl$fpinit)
    __fplib_config_pureend_doubles           0x08005b53   Thumb Code     0  fpinit.o(x$fpl$fpinit)
    _printf_fp_dec                           0x08005b55   Thumb Code     4  printf1.o(x$fpl$printf1)
    AHBPrescTable                            0x08005b58   Data          16  system_stm32f3xx.o(.constdata)
    __I$use$fp                               0x08005b58   Number         0  usenofp.o(x$fpl$usenofp)
    APBPrescTable                            0x08005b68   Data           8  system_stm32f3xx.o(.constdata)
    Region$$Table$$Base                      0x08005c2c   Number         0  anon$$obj.o(Region$$Table)
    Region$$Table$$Limit                     0x08005c4c   Number         0  anon$$obj.o(Region$$Table)
    rxAlertAddrI2C                           0x20000000   Data           1  tmp1075.o(.data)
    highTempLevel                            0x20000001   Data           1  tmp1075.o(.data)
    lowTempLevel                             0x20000002   Data           1  tmp1075.o(.data)
    getOutPutFl                              0x20000003   Data           1  tmp1075.o(.data)
    rxTmpBufferI2C                           0x20000006   Data           2  tmp1075.o(.data)
    txTmpBufferI2C                           0x20000008   Data           2  tmp1075.o(.data)
    ptrRxBufferI2C                           0x20000010   Data           4  tmp1075.o(.data)
    ptrTxBufferI2C                           0x20000014   Data           4  tmp1075.o(.data)
    errorFlag                                0x20000018   Data          37  tmp1075.o(.data)
    interruptAlertOccuredFl                  0x20000068   Data           1  stm32f3xx_it.o(.data)
    tim6Tick                                 0x2000006c   Data           4  stm32f3xx_it.o(.data)
    tim6LastTime                             0x20000070   Data           4  stm32f3xx_it.o(.data)
    uwTickFreq                               0x20000074   Data           1  stm32f3xx_hal.o(.data)
    uwTickPrio                               0x20000078   Data           4  stm32f3xx_hal.o(.data)
    uwTick                                   0x2000007c   Data           4  stm32f3xx_hal.o(.data)
    SystemCoreClock                          0x20000080   Data           4  system_stm32f3xx.o(.data)
    tim1Param                                0x20000084   Data          12  pulsegen.o(.bss)
    tmpSensor                                0x20000090   Data         128  tmp1075.o(.bss)
    hi2c1                                    0x20000138   Data          76  main.o(.bss)
    htim1                                    0x20000184   Data          76  main.o(.bss)
    htim6                                    0x200001d0   Data          76  main.o(.bss)
    hpcd_USB_FS                              0x2000021c   Data         748  main.o(.bss)
    __libspace_start                         0x20000508   Data          96  libspace.o(.bss)
    __temporary_stack_top$libspace           0x20000568   Data           0  libspace.o(.bss)



==============================================================================

Memory Map of the image

  Image Entry point : 0x08000195

  Load Region LR_IROM1 (Base: 0x08000000, Size: 0x00005cec, Max: 0x00080000, ABSOLUTE)

    Execution Region ER_IROM1 (Exec base: 0x08000000, Load base: 0x08000000, Size: 0x00005c68, Max: 0x00080000, ABSOLUTE)

    Exec Addr    Load Addr    Size         Type   Attr      Idx    E Section Name        Object

    0x08000000   0x08000000   0x00000194   Data   RO            3    RESET               startup_stm32f303xe.o
    0x08000194   0x08000194   0x00000008   Code   RO         4270  * !!!main             c_w.l(__main.o)
    0x0800019c   0x0800019c   0x00000034   Code   RO         4687    !!!scatter          c_w.l(__scatter.o)
    0x080001d0   0x080001d0   0x0000001a   Code   RO         4689    !!handler_copy      c_w.l(__scatter_copy.o)
    0x080001ea   0x080001ea   0x00000002   PAD
    0x080001ec   0x080001ec   0x0000001c   Code   RO         4691    !!handler_zi        c_w.l(__scatter_zi.o)
    0x08000208   0x08000208   0x00000000   Code   RO         4263    .ARM.Collect$$_printf_percent$$00000000  c_w.l(_printf_percent.o)
    0x08000208   0x08000208   0x00000006   Code   RO         4262    .ARM.Collect$$_printf_percent$$00000003  c_w.l(_printf_f.o)
    0x0800020e   0x0800020e   0x00000006   Code   RO         4261    .ARM.Collect$$_printf_percent$$00000009  c_w.l(_printf_d.o)
    0x08000214   0x08000214   0x00000006   Code   RO         4260    .ARM.Collect$$_printf_percent$$0000000C  c_w.l(_printf_x.o)
    0x0800021a   0x0800021a   0x00000006   Code   RO         4259    .ARM.Collect$$_printf_percent$$00000014  c_w.l(_printf_s.o)
    0x08000220   0x08000220   0x00000004   Code   RO         4293    .ARM.Collect$$_printf_percent$$00000017  c_w.l(_printf_percent_end.o)
    0x08000224   0x08000224   0x00000002   Code   RO         4477    .ARM.Collect$$libinit$$00000000  c_w.l(libinit.o)
    0x08000226   0x08000226   0x00000004   Code   RO         4478    .ARM.Collect$$libinit$$00000001  c_w.l(libinit2.o)
    0x0800022a   0x0800022a   0x00000000   Code   RO         4481    .ARM.Collect$$libinit$$00000004  c_w.l(libinit2.o)
    0x0800022a   0x0800022a   0x00000000   Code   RO         4484    .ARM.Collect$$libinit$$0000000A  c_w.l(libinit2.o)
    0x0800022a   0x0800022a   0x00000000   Code   RO         4486    .ARM.Collect$$libinit$$0000000C  c_w.l(libinit2.o)
    0x0800022a   0x0800022a   0x00000000   Code   RO         4488    .ARM.Collect$$libinit$$0000000E  c_w.l(libinit2.o)
    0x0800022a   0x0800022a   0x00000006   Code   RO         4489    .ARM.Collect$$libinit$$0000000F  c_w.l(libinit2.o)
    0x08000230   0x08000230   0x00000000   Code   RO         4491    .ARM.Collect$$libinit$$00000011  c_w.l(libinit2.o)
    0x08000230   0x08000230   0x00000000   Code   RO         4493    .ARM.Collect$$libinit$$00000013  c_w.l(libinit2.o)
    0x08000230   0x08000230   0x00000000   Code   RO         4495    .ARM.Collect$$libinit$$00000015  c_w.l(libinit2.o)
    0x08000230   0x08000230   0x0000000a   Code   RO         4496    .ARM.Collect$$libinit$$00000016  c_w.l(libinit2.o)
    0x0800023a   0x0800023a   0x00000000   Code   RO         4497    .ARM.Collect$$libinit$$00000017  c_w.l(libinit2.o)
    0x0800023a   0x0800023a   0x00000000   Code   RO         4499    .ARM.Collect$$libinit$$00000019  c_w.l(libinit2.o)
    0x0800023a   0x0800023a   0x00000000   Code   RO         4501    .ARM.Collect$$libinit$$0000001B  c_w.l(libinit2.o)
    0x0800023a   0x0800023a   0x00000000   Code   RO         4503    .ARM.Collect$$libinit$$0000001D  c_w.l(libinit2.o)
    0x0800023a   0x0800023a   0x00000000   Code   RO         4505    .ARM.Collect$$libinit$$0000001F  c_w.l(libinit2.o)
    0x0800023a   0x0800023a   0x00000000   Code   RO         4507    .ARM.Collect$$libinit$$00000021  c_w.l(libinit2.o)
    0x0800023a   0x0800023a   0x00000000   Code   RO         4509    .ARM.Collect$$libinit$$00000023  c_w.l(libinit2.o)
    0x0800023a   0x0800023a   0x00000000   Code   RO         4511    .ARM.Collect$$libinit$$00000025  c_w.l(libinit2.o)
    0x0800023a   0x0800023a   0x00000000   Code   RO         4515    .ARM.Collect$$libinit$$0000002C  c_w.l(libinit2.o)
    0x0800023a   0x0800023a   0x00000000   Code   RO         4517    .ARM.Collect$$libinit$$0000002E  c_w.l(libinit2.o)
    0x0800023a   0x0800023a   0x00000000   Code   RO         4519    .ARM.Collect$$libinit$$00000030  c_w.l(libinit2.o)
    0x0800023a   0x0800023a   0x00000000   Code   RO         4521    .ARM.Collect$$libinit$$00000032  c_w.l(libinit2.o)
    0x0800023a   0x0800023a   0x00000002   Code   RO         4522    .ARM.Collect$$libinit$$00000033  c_w.l(libinit2.o)
    0x0800023c   0x0800023c   0x00000002   Code   RO         4668    .ARM.Collect$$libshutdown$$00000000  c_w.l(libshutdown.o)
    0x0800023e   0x0800023e   0x00000000   Code   RO         4524    .ARM.Collect$$libshutdown$$00000002  c_w.l(libshutdown2.o)
    0x0800023e   0x0800023e   0x00000000   Code   RO         4526    .ARM.Collect$$libshutdown$$00000004  c_w.l(libshutdown2.o)
    0x0800023e   0x0800023e   0x00000000   Code   RO         4528    .ARM.Collect$$libshutdown$$00000006  c_w.l(libshutdown2.o)
    0x0800023e   0x0800023e   0x00000000   Code   RO         4531    .ARM.Collect$$libshutdown$$00000009  c_w.l(libshutdown2.o)
    0x0800023e   0x0800023e   0x00000000   Code   RO         4534    .ARM.Collect$$libshutdown$$0000000C  c_w.l(libshutdown2.o)
    0x0800023e   0x0800023e   0x00000000   Code   RO         4536    .ARM.Collect$$libshutdown$$0000000E  c_w.l(libshutdown2.o)
    0x0800023e   0x0800023e   0x00000000   Code   RO         4539    .ARM.Collect$$libshutdown$$00000011  c_w.l(libshutdown2.o)
    0x0800023e   0x0800023e   0x00000002   Code   RO         4540    .ARM.Collect$$libshutdown$$00000012  c_w.l(libshutdown2.o)
    0x08000240   0x08000240   0x00000000   Code   RO         4276    .ARM.Collect$$rtentry$$00000000  c_w.l(__rtentry.o)
    0x08000240   0x08000240   0x00000000   Code   RO         4306    .ARM.Collect$$rtentry$$00000002  c_w.l(__rtentry2.o)
    0x08000240   0x08000240   0x00000006   Code   RO         4318    .ARM.Collect$$rtentry$$00000004  c_w.l(__rtentry4.o)
    0x08000246   0x08000246   0x00000000   Code   RO         4308    .ARM.Collect$$rtentry$$00000009  c_w.l(__rtentry2.o)
    0x08000246   0x08000246   0x00000004   Code   RO         4309    .ARM.Collect$$rtentry$$0000000A  c_w.l(__rtentry2.o)
    0x0800024a   0x0800024a   0x00000000   Code   RO         4311    .ARM.Collect$$rtentry$$0000000C  c_w.l(__rtentry2.o)
    0x0800024a   0x0800024a   0x00000008   Code   RO         4312    .ARM.Collect$$rtentry$$0000000D  c_w.l(__rtentry2.o)
    0x08000252   0x08000252   0x00000002   Code   RO         4546    .ARM.Collect$$rtexit$$00000000  c_w.l(rtexit.o)
    0x08000254   0x08000254   0x00000000   Code   RO         4604    .ARM.Collect$$rtexit$$00000002  c_w.l(rtexit2.o)
    0x08000254   0x08000254   0x00000004   Code   RO         4605    .ARM.Collect$$rtexit$$00000003  c_w.l(rtexit2.o)
    0x08000258   0x08000258   0x00000006   Code   RO         4606    .ARM.Collect$$rtexit$$00000004  c_w.l(rtexit2.o)
    0x0800025e   0x0800025e   0x00000002   PAD
    0x08000260   0x08000260   0x00000040   Code   RO            4    .text               startup_stm32f303xe.o
    0x080002a0   0x080002a0   0x00000028   Code   RO         4208    .text               c_w.l(noretval__2sprintf.o)
    0x080002c8   0x080002c8   0x00000052   Code   RO         4214    .text               c_w.l(_printf_str.o)
    0x0800031a   0x0800031a   0x00000002   PAD
    0x0800031c   0x0800031c   0x00000078   Code   RO         4216    .text               c_w.l(_printf_dec.o)
    0x08000394   0x08000394   0x00000058   Code   RO         4221    .text               c_w.l(_printf_hex_int.o)
    0x080003ec   0x080003ec   0x0000010e   Code   RO         4247    .text               c_w.l(__printf_wp.o)
    0x080004fa   0x080004fa   0x00000064   Code   RO         4264    .text               c_w.l(rt_memcpy_w.o)
    0x0800055e   0x0800055e   0x0000004e   Code   RO         4266    .text               c_w.l(rt_memclr_w.o)
    0x080005ac   0x080005ac   0x00000006   Code   RO         4268    .text               c_w.l(heapauxi.o)
    0x080005b2   0x080005b2   0x000000b2   Code   RO         4281    .text               c_w.l(_printf_intcommon.o)
    0x08000664   0x08000664   0x0000041e   Code   RO         4283    .text               c_w.l(_printf_fp_dec.o)
    0x08000a82   0x08000a82   0x00000002   PAD
    0x08000a84   0x08000a84   0x00000030   Code   RO         4285    .text               c_w.l(_printf_char_common.o)
    0x08000ab4   0x08000ab4   0x0000000a   Code   RO         4287    .text               c_w.l(_sputc.o)
    0x08000abe   0x08000abe   0x0000002c   Code   RO         4289    .text               c_w.l(_printf_char.o)
    0x08000aea   0x08000aea   0x00000002   PAD
    0x08000aec   0x08000aec   0x00000008   Code   RO         4325    .text               c_w.l(rt_locale_intlibspace.o)
    0x08000af4   0x08000af4   0x0000008a   Code   RO         4327    .text               c_w.l(lludiv10.o)
    0x08000b7e   0x08000b7e   0x00000002   PAD
    0x08000b80   0x08000b80   0x00000080   Code   RO         4329    .text               c_w.l(_printf_fp_infnan.o)
    0x08000c00   0x08000c00   0x000000e4   Code   RO         4333    .text               c_w.l(bigflt0.o)
    0x08000ce4   0x08000ce4   0x00000008   Code   RO         4384    .text               c_w.l(libspace.o)
    0x08000cec   0x08000cec   0x0000004a   Code   RO         4389    .text               c_w.l(sys_stackheap_outer.o)
    0x08000d36   0x08000d36   0x00000012   Code   RO         4460    .text               c_w.l(exit.o)
    0x08000d48   0x08000d48   0x00000080   Code   RO         4470    .text               c_w.l(strcmpv7m.o)
    0x08000dc8   0x08000dc8   0x00000002   Code   RO         4543    .text               c_w.l(use_no_semi.o)
    0x08000dca   0x08000dca   0x00000000   Code   RO         4545    .text               c_w.l(indicate_semi.o)
    0x08000dca   0x08000dca   0x00000002   PAD
    0x08000dcc   0x08000dcc   0x0000000c   Code   RO         4601    .text               c_w.l(sys_exit.o)
    0x08000dd8   0x08000dd8   0x0000003e   Code   RO         4336    CL$$btod_d2e        c_w.l(btod.o)
    0x08000e16   0x08000e16   0x00000046   Code   RO         4338    CL$$btod_d2e_denorm_low  c_w.l(btod.o)
    0x08000e5c   0x08000e5c   0x00000060   Code   RO         4337    CL$$btod_d2e_norm_op1  c_w.l(btod.o)
    0x08000ebc   0x08000ebc   0x00000338   Code   RO         4346    CL$$btod_div_common  c_w.l(btod.o)
    0x080011f4   0x080011f4   0x000000dc   Code   RO         4343    CL$$btod_e2e        c_w.l(btod.o)
    0x080012d0   0x080012d0   0x0000002a   Code   RO         4340    CL$$btod_ediv       c_w.l(btod.o)
    0x080012fa   0x080012fa   0x0000002a   Code   RO         4339    CL$$btod_emul       c_w.l(btod.o)
    0x08001324   0x08001324   0x00000244   Code   RO         4345    CL$$btod_mult_common  c_w.l(btod.o)
    0x08001568   0x08001568   0x00000002   Code   RO          497    i.BusFault_Handler  stm32f3xx_it.o
    0x0800156a   0x0800156a   0x00000002   Code   RO          498    i.DebugMon_Handler  stm32f3xx_it.o
    0x0800156c   0x0800156c   0x0000004a   Code   RO         2030    i.HAL_DMA_Abort_IT  stm32f3xx_hal_dma.o
    0x080015b6   0x080015b6   0x00000006   Code   RO         2033    i.HAL_DMA_GetState  stm32f3xx_hal_dma.o
    0x080015bc   0x080015bc   0x00000024   Code   RO         1647    i.HAL_Delay         stm32f3xx_hal.o
    0x080015e0   0x080015e0   0x00000250   Code   RO         1964    i.HAL_GPIO_Init     stm32f3xx_hal_gpio.o
    0x08001830   0x08001830   0x0000000c   Code   RO         1651    i.HAL_GetTick       stm32f3xx_hal.o
    0x0800183c   0x0800183c   0x00000056   Code   RO         1461    i.HAL_I2CEx_ConfigAnalogFilter  stm32f3xx_hal_i2c_ex.o
    0x08001892   0x08001892   0x00000052   Code   RO         1462    i.HAL_I2CEx_ConfigDigitalFilter  stm32f3xx_hal_i2c_ex.o
    0x080018e4   0x080018e4   0x00000002   Code   RO          999    i.HAL_I2C_AbortCpltCallback  stm32f3xx_hal_i2c.o
    0x080018e6   0x080018e6   0x00000002   Code   RO         1000    i.HAL_I2C_AddrCallback  stm32f3xx_hal_i2c.o
    0x080018e8   0x080018e8   0x00000068   Code   RO         1003    i.HAL_I2C_ER_IRQHandler  stm32f3xx_hal_i2c.o
    0x08001950   0x08001950   0x00000010   Code   RO         1004    i.HAL_I2C_EV_IRQHandler  stm32f3xx_hal_i2c.o
    0x08001960   0x08001960   0x00000002   Code   RO         1006    i.HAL_I2C_ErrorCallback  stm32f3xx_hal_i2c.o
    0x08001962   0x08001962   0x00000004   Code   RO         1007    i.HAL_I2C_GetError  stm32f3xx_hal_i2c.o
    0x08001966   0x08001966   0x00000002   PAD
    0x08001968   0x08001968   0x000000b8   Code   RO         1010    i.HAL_I2C_Init      stm32f3xx_hal_i2c.o
    0x08001a20   0x08001a20   0x00000002   Code   RO         1012    i.HAL_I2C_ListenCpltCallback  stm32f3xx_hal_i2c.o
    0x08001a22   0x08001a22   0x00000002   Code   RO          238    i.HAL_I2C_MasterRxCpltCallback  tmp1075.o
    0x08001a24   0x08001a24   0x0000001c   Code   RO          239    i.HAL_I2C_MasterTxCpltCallback  tmp1075.o
    0x08001a40   0x08001a40   0x00000124   Code   RO         1016    i.HAL_I2C_Master_Receive  stm32f3xx_hal_i2c.o
    0x08001b64   0x08001b64   0x00000088   Code   RO         1018    i.HAL_I2C_Master_Receive_IT  stm32f3xx_hal_i2c.o
    0x08001bec   0x08001bec   0x00000124   Code   RO         1023    i.HAL_I2C_Master_Transmit  stm32f3xx_hal_i2c.o
    0x08001d10   0x08001d10   0x00000088   Code   RO         1025    i.HAL_I2C_Master_Transmit_IT  stm32f3xx_hal_i2c.o
    0x08001d98   0x08001d98   0x00000002   Code   RO         1026    i.HAL_I2C_MemRxCpltCallback  stm32f3xx_hal_i2c.o
    0x08001d9a   0x08001d9a   0x00000002   Code   RO         1027    i.HAL_I2C_MemTxCpltCallback  stm32f3xx_hal_i2c.o
    0x08001d9c   0x08001d9c   0x00000088   Code   RO          613    i.HAL_I2C_MspInit   stm32f3xx_hal_msp.o
    0x08001e24   0x08001e24   0x00000002   Code   RO         1036    i.HAL_I2C_SlaveRxCpltCallback  stm32f3xx_hal_i2c.o
    0x08001e26   0x08001e26   0x00000002   Code   RO         1037    i.HAL_I2C_SlaveTxCpltCallback  stm32f3xx_hal_i2c.o
    0x08001e28   0x08001e28   0x00000010   Code   RO         1657    i.HAL_IncTick       stm32f3xx_hal.o
    0x08001e38   0x08001e38   0x00000024   Code   RO         1658    i.HAL_Init          stm32f3xx_hal.o
    0x08001e5c   0x08001e5c   0x00000040   Code   RO         1659    i.HAL_InitTick      stm32f3xx_hal.o
    0x08001e9c   0x08001e9c   0x0000002c   Code   RO          614    i.HAL_MspInit       stm32f3xx_hal_msp.o
    0x08001ec8   0x08001ec8   0x0000001a   Code   RO         2132    i.HAL_NVIC_EnableIRQ  stm32f3xx_hal_cortex.o
    0x08001ee2   0x08001ee2   0x00000002   PAD
    0x08001ee4   0x08001ee4   0x00000040   Code   RO         2138    i.HAL_NVIC_SetPriority  stm32f3xx_hal_cortex.o
    0x08001f24   0x08001f24   0x00000024   Code   RO         2139    i.HAL_NVIC_SetPriorityGrouping  stm32f3xx_hal_cortex.o
    0x08001f48   0x08001f48   0x00000002   Code   RO         3890    i.HAL_PCD_DataInStageCallback  stm32f3xx_hal_pcd.o
    0x08001f4a   0x08001f4a   0x00000002   Code   RO         3891    i.HAL_PCD_DataOutStageCallback  stm32f3xx_hal_pcd.o
    0x08001f4c   0x08001f4c   0x000000dc   Code   RO         3899    i.HAL_PCD_EP_DB_Receive  stm32f3xx_hal_pcd.o
    0x08002028   0x08002028   0x00000330   Code   RO         3900    i.HAL_PCD_EP_DB_Transmit  stm32f3xx_hal_pcd.o
    0x08002358   0x08002358   0x00000100   Code   RO         3908    i.HAL_PCD_IRQHandler  stm32f3xx_hal_pcd.o
    0x08002458   0x08002458   0x000000a6   Code   RO         3911    i.HAL_PCD_Init      stm32f3xx_hal_pcd.o
    0x080024fe   0x080024fe   0x00000002   PAD
    0x08002500   0x08002500   0x0000003c   Code   RO          616    i.HAL_PCD_MspInit   stm32f3xx_hal_msp.o
    0x0800253c   0x0800253c   0x00000002   Code   RO         3914    i.HAL_PCD_ResetCallback  stm32f3xx_hal_pcd.o
    0x0800253e   0x0800253e   0x00000002   Code   RO         3915    i.HAL_PCD_ResumeCallback  stm32f3xx_hal_pcd.o
    0x08002540   0x08002540   0x00000002   Code   RO         3916    i.HAL_PCD_SOFCallback  stm32f3xx_hal_pcd.o
    0x08002542   0x08002542   0x00000028   Code   RO         3917    i.HAL_PCD_SetAddress  stm32f3xx_hal_pcd.o
    0x0800256a   0x0800256a   0x00000002   Code   RO         3918    i.HAL_PCD_SetupStageCallback  stm32f3xx_hal_pcd.o
    0x0800256c   0x0800256c   0x00000002   Code   RO         3921    i.HAL_PCD_SuspendCallback  stm32f3xx_hal_pcd.o
    0x0800256e   0x0800256e   0x00000028   Code   RO         2143    i.HAL_SYSTICK_Config  stm32f3xx_hal_cortex.o
    0x08002596   0x08002596   0x00000002   Code   RO         3504    i.HAL_TIMEx_Break2Callback  stm32f3xx_hal_tim_ex.o
    0x08002598   0x08002598   0x00000002   Code   RO         3505    i.HAL_TIMEx_BreakCallback  stm32f3xx_hal_tim_ex.o
    0x0800259a   0x0800259a   0x00000002   Code   RO         3506    i.HAL_TIMEx_CommutCallback  stm32f3xx_hal_tim_ex.o
    0x0800259c   0x0800259c   0x00000098   Code   RO         3508    i.HAL_TIMEx_ConfigBreakDeadTime  stm32f3xx_hal_tim_ex.o
    0x08002634   0x08002634   0x000000a0   Code   RO         3525    i.HAL_TIMEx_MasterConfigSynchronization  stm32f3xx_hal_tim_ex.o
    0x080026d4   0x080026d4   0x000000c0   Code   RO         3536    i.HAL_TIMEx_PWMN_Start  stm32f3xx_hal_tim_ex.o
    0x08002794   0x08002794   0x00000062   Code   RO         2790    i.HAL_TIM_Base_Init  stm32f3xx_hal_tim.o
    0x080027f6   0x080027f6   0x00000002   PAD
    0x080027f8   0x080027f8   0x00000054   Code   RO          618    i.HAL_TIM_Base_MspInit  stm32f3xx_hal_msp.o
    0x0800284c   0x0800284c   0x00000080   Code   RO         2795    i.HAL_TIM_Base_Start_IT  stm32f3xx_hal_tim.o
    0x080028cc   0x080028cc   0x000000e0   Code   RO         2799    i.HAL_TIM_ConfigClockSource  stm32f3xx_hal_tim.o
    0x080029ac   0x080029ac   0x00000002   Code   RO         2824    i.HAL_TIM_IC_CaptureCallback  stm32f3xx_hal_tim.o
    0x080029ae   0x080029ae   0x00000184   Code   RO         2838    i.HAL_TIM_IRQHandler  stm32f3xx_hal_tim.o
    0x08002b32   0x08002b32   0x00000002   PAD
    0x08002b34   0x08002b34   0x00000078   Code   RO          619    i.HAL_TIM_MspPostInit  stm32f3xx_hal_msp.o
    0x08002bac   0x08002bac   0x00000002   Code   RO         2841    i.HAL_TIM_OC_DelayElapsedCallback  stm32f3xx_hal_tim.o
    0x08002bae   0x08002bae   0x00000124   Code   RO         2862    i.HAL_TIM_PWM_ConfigChannel  stm32f3xx_hal_tim.o
    0x08002cd2   0x08002cd2   0x00000062   Code   RO         2865    i.HAL_TIM_PWM_Init  stm32f3xx_hal_tim.o
    0x08002d34   0x08002d34   0x00000002   Code   RO         2867    i.HAL_TIM_PWM_MspInit  stm32f3xx_hal_tim.o
    0x08002d36   0x08002d36   0x00000002   Code   RO         2868    i.HAL_TIM_PWM_PulseFinishedCallback  stm32f3xx_hal_tim.o
    0x08002d38   0x08002d38   0x00000134   Code   RO         2872    i.HAL_TIM_PWM_Start_IT  stm32f3xx_hal_tim.o
    0x08002e6c   0x08002e6c   0x00000002   Code   RO         2876    i.HAL_TIM_PeriodElapsedCallback  stm32f3xx_hal_tim.o
    0x08002e6e   0x08002e6e   0x00000002   Code   RO         2881    i.HAL_TIM_TriggerCallback  stm32f3xx_hal_tim.o
    0x08002e70   0x08002e70   0x00000002   Code   RO          499    i.HardFault_Handler  stm32f3xx_it.o
    0x08002e72   0x08002e72   0x00000002   PAD
    0x08002e74   0x08002e74   0x00000030   Code   RO          500    i.I2C1_ER_IRQHandler  stm32f3xx_it.o
    0x08002ea4   0x08002ea4   0x0000000c   Code   RO          501    i.I2C1_EV_IRQHandler  stm32f3xx_it.o
    0x08002eb0   0x08002eb0   0x00000014   Code   RO         1049    i.I2C_DMAAbort      stm32f3xx_hal_i2c.o
    0x08002ec4   0x08002ec4   0x0000005e   Code   RO         1055    i.I2C_Disable_IRQ   stm32f3xx_hal_i2c.o
    0x08002f22   0x08002f22   0x00000002   PAD
    0x08002f24   0x08002f24   0x00000068   Code   RO         1056    i.I2C_Enable_IRQ    stm32f3xx_hal_i2c.o
    0x08002f8c   0x08002f8c   0x00000022   Code   RO         1057    i.I2C_Flush_TXDR    stm32f3xx_hal_i2c.o
    0x08002fae   0x08002fae   0x0000008c   Code   RO         1058    i.I2C_ITAddrCplt    stm32f3xx_hal_i2c.o
    0x0800303a   0x0800303a   0x00000002   PAD
    0x0800303c   0x0800303c   0x000000f4   Code   RO         1059    i.I2C_ITError       stm32f3xx_hal_i2c.o
    0x08003130   0x08003130   0x00000064   Code   RO         1060    i.I2C_ITListenCplt  stm32f3xx_hal_i2c.o
    0x08003194   0x08003194   0x000000f0   Code   RO         1061    i.I2C_ITMasterCplt  stm32f3xx_hal_i2c.o
    0x08003284   0x08003284   0x0000004c   Code   RO         1062    i.I2C_ITMasterSeqCplt  stm32f3xx_hal_i2c.o
    0x080032d0   0x080032d0   0x00000130   Code   RO         1063    i.I2C_ITSlaveCplt   stm32f3xx_hal_i2c.o
    0x08003400   0x08003400   0x00000072   Code   RO         1064    i.I2C_ITSlaveSeqCplt  stm32f3xx_hal_i2c.o
    0x08003472   0x08003472   0x00000002   PAD
    0x08003474   0x08003474   0x00000094   Code   RO         1065    i.I2C_IsAcknowledgeFailed  stm32f3xx_hal_i2c.o
    0x08003508   0x08003508   0x00000110   Code   RO         1066    i.I2C_Master_ISR_DMA  stm32f3xx_hal_i2c.o
    0x08003618   0x08003618   0x00000128   Code   RO         1067    i.I2C_Master_ISR_IT  stm32f3xx_hal_i2c.o
    0x08003740   0x08003740   0x0000010a   Code   RO         1070    i.I2C_Slave_ISR_DMA  stm32f3xx_hal_i2c.o
    0x0800384a   0x0800384a   0x00000002   PAD
    0x0800384c   0x0800384c   0x00000120   Code   RO         1071    i.I2C_Slave_ISR_IT  stm32f3xx_hal_i2c.o
    0x0800396c   0x0800396c   0x0000002c   Code   RO         1072    i.I2C_TransferConfig  stm32f3xx_hal_i2c.o
    0x08003998   0x08003998   0x0000002a   Code   RO         1073    i.I2C_TreatErrorCallback  stm32f3xx_hal_i2c.o
    0x080039c2   0x080039c2   0x00000058   Code   RO         1074    i.I2C_WaitOnFlagUntilTimeout  stm32f3xx_hal_i2c.o
    0x08003a1a   0x08003a1a   0x00000002   PAD
    0x08003a1c   0x08003a1c   0x00000084   Code   RO         1075    i.I2C_WaitOnRXNEFlagUntilTimeout  stm32f3xx_hal_i2c.o
    0x08003aa0   0x08003aa0   0x0000004c   Code   RO         1076    i.I2C_WaitOnSTOPFlagUntilTimeout  stm32f3xx_hal_i2c.o
    0x08003aec   0x08003aec   0x00000050   Code   RO         1077    i.I2C_WaitOnTXISFlagUntilTimeout  stm32f3xx_hal_i2c.o
    0x08003b3c   0x08003b3c   0x00000018   Code   RO          382    i.LL_AHB1_GRP1_EnableClock  main.o
    0x08003b54   0x08003b54   0x0000013c   Code   RO          777    i.LL_EXTI_Init      stm32f3xx_ll_exti.o
    0x08003c90   0x08003c90   0x0000013e   Code   RO          950    i.LL_GPIO_Init      stm32f3xx_ll_gpio.o
    0x08003dce   0x08003dce   0x00000002   PAD
    0x08003dd0   0x08003dd0   0x00000094   Code   RO         1522    i.LL_RCC_GetUARTClockFreq  stm32f3xx_ll_rcc.o
    0x08003e64   0x08003e64   0x0000009c   Code   RO         1523    i.LL_RCC_GetUSARTClockFreq  stm32f3xx_ll_rcc.o
    0x08003f00   0x08003f00   0x00000014   Code   RO         1524    i.LL_RCC_GetUSARTClockSource  stm32f3xx_ll_rcc.o
    0x08003f14   0x08003f14   0x00000010   Code   RO         1526    i.LL_RCC_HSI_IsReady  stm32f3xx_ll_rcc.o
    0x08003f24   0x08003f24   0x00000010   Code   RO         1527    i.LL_RCC_LSE_IsReady  stm32f3xx_ll_rcc.o
    0x08003f34   0x08003f34   0x00000046   Code   RO         2670    i.LL_RTC_EnterInitMode  stm32f3xx_ll_rtc.o
    0x08003f7a   0x08003f7a   0x00000050   Code   RO         2672    i.LL_RTC_Init       stm32f3xx_ll_rtc.o
    0x08003fca   0x08003fca   0x00000002   PAD
    0x08003fcc   0x08003fcc   0x0000000c   Code   RO          698    i.LL_SetSystemCoreClock  stm32f3xx_ll_utils.o
    0x08003fd8   0x08003fd8   0x000000d0   Code   RO         3788    i.LL_USART_Init     stm32f3xx_ll_usart.o
    0x080040a8   0x080040a8   0x00000140   Code   RO          383    i.MX_GPIO_Init      main.o
    0x080041e8   0x080041e8   0x00000054   Code   RO          384    i.MX_I2C1_Init      main.o
    0x0800423c   0x0800423c   0x000000d4   Code   RO          385    i.MX_TIM1_Init      main.o
    0x08004310   0x08004310   0x000000a8   Code   RO          386    i.MX_USART3_UART_Init  main.o
    0x080043b8   0x080043b8   0x00000002   Code   RO          502    i.MemManage_Handler  stm32f3xx_it.o
    0x080043ba   0x080043ba   0x00000002   Code   RO          503    i.NMI_Handler       stm32f3xx_it.o
    0x080043bc   0x080043bc   0x00000374   Code   RO         3923    i.PCD_EP_ISR_Handler  stm32f3xx_hal_pcd.o
    0x08004730   0x08004730   0x00000002   Code   RO          504    i.PendSV_Handler    stm32f3xx_it.o
    0x08004732   0x08004732   0x00000002   PAD
    0x08004734   0x08004734   0x0000001c   Code   RO         1528    i.RCC_GetHCLKClockFreq  stm32f3xx_ll_rcc.o
    0x08004750   0x08004750   0x0000001c   Code   RO         1529    i.RCC_GetPCLK1ClockFreq  stm32f3xx_ll_rcc.o
    0x0800476c   0x0800476c   0x0000001c   Code   RO         1530    i.RCC_GetPCLK2ClockFreq  stm32f3xx_ll_rcc.o
    0x08004788   0x08004788   0x00000024   Code   RO         1531    i.RCC_GetSystemClockFreq  stm32f3xx_ll_rcc.o
    0x080047ac   0x080047ac   0x00000034   Code   RO         1532    i.RCC_PLL_GetFreqDomain_SYS  stm32f3xx_ll_rcc.o
    0x080047e0   0x080047e0   0x00000002   Code   RO          505    i.SVC_Handler       stm32f3xx_it.o
    0x080047e2   0x080047e2   0x00000004   Code   RO          506    i.SysTick_Handler   stm32f3xx_it.o
    0x080047e6   0x080047e6   0x00000002   PAD
    0x080047e8   0x080047e8   0x0000013c   Code   RO          387    i.SystemClock_Config  main.o
    0x08004924   0x08004924   0x00000010   Code   RO         4162    i.SystemInit        system_stm32f3xx.o
    0x08004934   0x08004934   0x00000024   Code   RO          507    i.TIM6_DAC_IRQHandler  stm32f3xx_it.o
    0x08004958   0x08004958   0x000000c4   Code   RO         2883    i.TIM_Base_SetConfig  stm32f3xx_hal_tim.o
    0x08004a1c   0x08004a1c   0x0000001a   Code   RO         2884    i.TIM_CCxChannelCmd  stm32f3xx_hal_tim.o
    0x08004a36   0x08004a36   0x0000001a   Code   RO         3545    i.TIM_CCxNChannelCmd  stm32f3xx_hal_tim_ex.o
    0x08004a50   0x08004a50   0x00000014   Code   RO         2894    i.TIM_ETR_SetConfig  stm32f3xx_hal_tim.o
    0x08004a64   0x08004a64   0x00000010   Code   RO         2895    i.TIM_ITRx_SetConfig  stm32f3xx_hal_tim.o
    0x08004a74   0x08004a74   0x000000ac   Code   RO         2896    i.TIM_OC1_SetConfig  stm32f3xx_hal_tim.o
    0x08004b20   0x08004b20   0x000000a0   Code   RO         2897    i.TIM_OC2_SetConfig  stm32f3xx_hal_tim.o
    0x08004bc0   0x08004bc0   0x000000a0   Code   RO         2898    i.TIM_OC3_SetConfig  stm32f3xx_hal_tim.o
    0x08004c60   0x08004c60   0x00000080   Code   RO         2899    i.TIM_OC4_SetConfig  stm32f3xx_hal_tim.o
    0x08004ce0   0x08004ce0   0x00000078   Code   RO         2900    i.TIM_OC5_SetConfig  stm32f3xx_hal_tim.o
    0x08004d58   0x08004d58   0x0000007c   Code   RO         2901    i.TIM_OC6_SetConfig  stm32f3xx_hal_tim.o
    0x08004dd4   0x08004dd4   0x00000022   Code   RO         2903    i.TIM_TI1_ConfigInputStage  stm32f3xx_hal_tim.o
    0x08004df6   0x08004df6   0x00000024   Code   RO         2905    i.TIM_TI2_ConfigInputStage  stm32f3xx_hal_tim.o
    0x08004e1a   0x08004e1a   0x00000012   Code   RO          822    i.USB_DevInit       stm32f3xx_ll_usb.o
    0x08004e2c   0x08004e2c   0x0000000e   Code   RO          823    i.USB_DisableGlobalInt  stm32f3xx_ll_usb.o
    0x08004e3a   0x08004e3a   0x00000488   Code   RO          826    i.USB_EPStartXfer   stm32f3xx_ll_usb.o
    0x080052c2   0x080052c2   0x00000002   PAD
    0x080052c4   0x080052c4   0x0000000c   Code   RO          508    i.USB_LP_CAN_RX0_IRQHandler  stm32f3xx_it.o
    0x080052d0   0x080052d0   0x00000006   Code   RO          828    i.USB_ReadInterrupts  stm32f3xx_ll_usb.o
    0x080052d6   0x080052d6   0x00000028   Code   RO          829    i.USB_ReadPMA       stm32f3xx_ll_usb.o
    0x080052fe   0x080052fe   0x0000000c   Code   RO          831    i.USB_SetDevAddress  stm32f3xx_ll_usb.o
    0x0800530a   0x0800530a   0x00000002   PAD
    0x0800530c   0x0800530c   0x00000026   Code   RO          833    i.USB_WritePMA      stm32f3xx_ll_usb.o
    0x08005332   0x08005332   0x00000002   Code   RO          509    i.UsageFault_Handler  stm32f3xx_it.o
    0x08005334   0x08005334   0x00000030   Code   RO         4377    i.__ARM_fpclassify  m_wm.l(fpclassify.o)
    0x08005364   0x08005364   0x00000022   Code   RO          240    i.__NVIC_DisableIRQ  tmp1075.o
    0x08005386   0x08005386   0x0000001a   Code   RO          241    i.__NVIC_EnableIRQ  tmp1075.o
    0x080053a0   0x080053a0   0x00000020   Code   RO         2145    i.__NVIC_SetPriority  stm32f3xx_hal_cortex.o
    0x080053c0   0x080053c0   0x0000000e   Code   RO         4249    i._is_digit         c_w.l(__printf_wp.o)
    0x080053ce   0x080053ce   0x00000002   PAD
    0x080053d0   0x080053d0   0x0000009c   Code   RO          243    i.aTransmitI2C      tmp1075.o
    0x0800546c   0x0800546c   0x000000ac   Code   RO          244    i.alertTmpInitIT    tmp1075.o
    0x08005518   0x08005518   0x00000064   Code   RO          245    i.convTemp          tmp1075.o
    0x0800557c   0x0800557c   0x00000094   Code   RO          246    i.getTemperature    tmp1075.o
    0x08005610   0x08005610   0x00000108   Code   RO          247    i.handlerAlertIT    tmp1075.o
    0x08005718   0x08005718   0x00000148   Code   RO          248    i.initAlertLimits   tmp1075.o
    0x08005860   0x08005860   0x0000014c   Code   RO          388    i.main              main.o
    0x080059ac   0x080059ac   0x0000001c   Code   RO           13    i.tim1InitCmnParameters  pulsegen.o
    0x080059c8   0x080059c8   0x00000014   Code   RO           14    i.tim1SetCmnParameters  pulsegen.o
    0x080059dc   0x080059dc   0x0000001c   Code   RO          253    i.tugglePinTest     tmp1075.o
    0x080059f8   0x080059f8   0x00000038   Code   RO          158    i.usartTx           uart_io.o
    0x08005a30   0x08005a30   0x0000002c   Code   RO         4373    locale$$code        c_w.l(lc_numeric_c.o)
    0x08005a5c   0x08005a5c   0x0000000c   Code   RO         4300    x$fpl$dretinf       fz_wm.l(dretinf.o)
    0x08005a68   0x08005a68   0x00000056   Code   RO         4272    x$fpl$f2d           fz_wm.l(f2d.o)
    0x08005abe   0x08005abe   0x0000008c   Code   RO         4302    x$fpl$fnaninf       fz_wm.l(fnaninf.o)
    0x08005b4a   0x08005b4a   0x0000000a   Code   RO         4599    x$fpl$fpinit        fz_wm.l(fpinit.o)
    0x08005b54   0x08005b54   0x00000004   Code   RO         4274    x$fpl$printf1       fz_wm.l(printf1.o)
    0x08005b58   0x08005b58   0x00000000   Code   RO         4304    x$fpl$usenofp       fz_wm.l(usenofp.o)
    0x08005b58   0x08005b58   0x00000010   Data   RO         4163    .constdata          system_stm32f3xx.o
    0x08005b68   0x08005b68   0x00000008   Data   RO         4164    .constdata          system_stm32f3xx.o
    0x08005b70   0x08005b70   0x00000028   Data   RO         4222    .constdata          c_w.l(_printf_hex_int.o)
    0x08005b98   0x08005b98   0x00000094   Data   RO         4334    .constdata          c_w.l(bigflt0.o)
    0x08005c2c   0x08005c2c   0x00000020   Data   RO         4685    Region$$Table       anon$$obj.o
    0x08005c4c   0x08005c4c   0x0000001c   Data   RO         4372    locale$$data        c_w.l(lc_numeric_c.o)


    Execution Region RW_IRAM2 (Exec base: 0x10000000, Load base: 0x08005cec, Size: 0x00000000, Max: 0x00004000, ABSOLUTE)

    **** No section assigned to this execution region ****


    Execution Region RW_IRAM1 (Exec base: 0x20000000, Load base: 0x08005c68, Size: 0x00000b68, Max: 0x00010000, ABSOLUTE)

    Exec Addr    Load Addr    Size         Type   Attr      Idx    E Section Name        Object

    0x20000000   0x08005c68   0x00000065   Data   RW          260    .data               tmp1075.o
    0x20000065   0x08005ccd   0x00000003   PAD
    0x20000068   0x08005cd0   0x0000000c   Data   RW          511    .data               stm32f3xx_it.o
    0x20000074   0x08005cdc   0x0000000c   Data   RW         1665    .data               stm32f3xx_hal.o
    0x20000080   0x08005ce8   0x00000004   Data   RW         4165    .data               system_stm32f3xx.o
    0x20000084        -       0x0000000c   Zero   RW           15    .bss                pulsegen.o
    0x20000090        -       0x000000a8   Zero   RW          254    .bss                tmp1075.o
    0x20000138        -       0x000003d0   Zero   RW          389    .bss                main.o
    0x20000508        -       0x00000060   Zero   RW         4385    .bss                c_w.l(libspace.o)
    0x20000568        -       0x00000200   Zero   RW            2    HEAP                startup_stm32f303xe.o
    0x20000768        -       0x00000400   Zero   RW            1    STACK               startup_stm32f303xe.o


==============================================================================

Image component sizes


      Code (inc. data)   RO Data    RW Data    ZI Data      Debug   Object Name

      1456        114          0          0        976      91182   main.o
        48         14          0          0         12     646855   pulsegen.o
        64         26        404          0       1536        864   startup_stm32f303xe.o
       164         28          0         12          0      16845   stm32f3xx_hal.o
       198         14          0          0          0      34067   stm32f3xx_hal_cortex.o
        80          0          0          0          0       1734   stm32f3xx_hal_dma.o
       592         38          0          0          0       1688   stm32f3xx_hal_gpio.o
      4382        130          0          0          0      33114   stm32f3xx_hal_i2c.o
       168          0          0          0          0       1971   stm32f3xx_hal_i2c_ex.o
       444         54          0          0          0       3755   stm32f3xx_hal_msp.o
      2396          0          0          0          0      12272   stm32f3xx_hal_pcd.o
      2740        274          0          0          0      19793   stm32f3xx_hal_tim.o
       536         66          0          0          0       5591   stm32f3xx_hal_tim_ex.o
       128         36          0         12          0       7362   stm32f3xx_it.o
       316          6          0          0          0       7243   stm32f3xx_ll_exti.o
       318          0          0          0          0       7123   stm32f3xx_ll_gpio.o
       528         90          0          0          0      28211   stm32f3xx_ll_rcc.o
       150          0          0          0          0      28261   stm32f3xx_ll_rtc.o
       208         24          0          0          0      21440   stm32f3xx_ll_usart.o
      1288          0          0          0          0       8089   stm32f3xx_ll_usb.o
        12          6          0          0          0       4988   stm32f3xx_ll_utils.o
        16          4         24          4          0       1187   system_stm32f3xx.o
      1286        272          0        101        168      42910   tmp1075.o
        56          4          0          0          0      19142   uart_io.o

    ----------------------------------------------------------------------
     17608       1200        460        132       2692    1045687   Object Totals
         0          0         32          0          0          0   (incl. Generated)
        34          0          0          3          0          0   (incl. Padding)

    ----------------------------------------------------------------------

      Code (inc. data)   RO Data    RW Data    ZI Data      Debug   Library Member Name

         8          0          0          0          0         68   __main.o
       284          0          0          0          0        156   __printf_wp.o
         0          0          0          0          0          0   __rtentry.o
        12          0          0          0          0          0   __rtentry2.o
         6          0          0          0          0          0   __rtentry4.o
        52          8          0          0          0          0   __scatter.o
        26          0          0          0          0          0   __scatter_copy.o
        28          0          0          0          0          0   __scatter_zi.o
        44          0          0          0          0        108   _printf_char.o
        48          6          0          0          0         96   _printf_char_common.o
         6          0          0          0          0          0   _printf_d.o
       120         16          0          0          0         92   _printf_dec.o
         6          0          0          0          0          0   _printf_f.o
      1054          0          0          0          0        216   _printf_fp_dec.o
       128         16          0          0          0         84   _printf_fp_infnan.o
        88          4         40          0          0         88   _printf_hex_int.o
       178          0          0          0          0         88   _printf_intcommon.o
         0          0          0          0          0          0   _printf_percent.o
         4          0          0          0          0          0   _printf_percent_end.o
         6          0          0          0          0          0   _printf_s.o
        82          0          0          0          0         80   _printf_str.o
         6          0          0          0          0          0   _printf_x.o
        10          0          0          0          0         68   _sputc.o
       228          4        148          0          0         96   bigflt0.o
      1936        128          0          0          0        672   btod.o
        18          0          0          0          0         80   exit.o
         6          0          0          0          0        152   heapauxi.o
         0          0          0          0          0          0   indicate_semi.o
        44         10         28          0          0         76   lc_numeric_c.o
         2          0          0          0          0          0   libinit.o
        22          0          0          0          0          0   libinit2.o
         2          0          0          0          0          0   libshutdown.o
         2          0          0          0          0          0   libshutdown2.o
         8          4          0          0         96         68   libspace.o
       138          0          0          0          0         80   lludiv10.o
        40          6          0          0          0         84   noretval__2sprintf.o
         8          4          0          0          0         68   rt_locale_intlibspace.o
        78          0          0          0          0         80   rt_memclr_w.o
       100          0          0          0          0         80   rt_memcpy_w.o
         2          0          0          0          0          0   rtexit.o
        10          0          0          0          0          0   rtexit2.o
       128          0          0          0          0         68   strcmpv7m.o
        12          4          0          0          0         68   sys_exit.o
        74          0          0          0          0         80   sys_stackheap_outer.o
         2          0          0          0          0         68   use_no_semi.o
        12          0          0          0          0        116   dretinf.o
        86          4          0          0          0        132   f2d.o
       140          4          0          0          0        132   fnaninf.o
        10          0          0          0          0        116   fpinit.o
         4          0          0          0          0        116   printf1.o
         0          0          0          0          0          0   usenofp.o
        48          0          0          0          0        124   fpclassify.o

    ----------------------------------------------------------------------
      5372        218        216          0         96       3700   Library Totals
        16          0          0          0          0          0   (incl. Padding)

    ----------------------------------------------------------------------

      Code (inc. data)   RO Data    RW Data    ZI Data      Debug   Library Name

      5056        210        216          0         96       2964   c_w.l
       252          8          0          0          0        612   fz_wm.l
        48          0          0          0          0        124   m_wm.l

    ----------------------------------------------------------------------
      5372        218        216          0         96       3700   Library Totals

    ----------------------------------------------------------------------

==============================================================================


      Code (inc. data)   RO Data    RW Data    ZI Data      Debug   

     22980       1418        676        132       2788    1032175   Grand Totals
     22980       1418        676        132       2788    1032175   ELF Image Totals
     22980       1418        676        132          0          0   ROM Totals

==============================================================================

    Total RO  Size (Code + RO Data)                23656 (  23.10kB)
    Total RW  Size (RW Data + ZI Data)              2920 (   2.85kB)
    Total ROM Size (Code + RO Data + RW Data)      23788 (  23.23kB)

==============================================================================

